This is XeTeX, Version 3.141592653-2.6-0.999996 (MiKTeX 24.3.31) (preloaded format=xelatex 2024.4.26)  26 APR 2024 10:46
entering extended mode
 restricted \write18 enabled.
 file:line:error style messages enabled.
 %&-line parsing enabled.
**./New_IEEEtran_how-to.tex
(New_IEEEtran_how-to.tex
LaTeX2e <2023-11-01> patch level 1
L3 programming layer <2024-03-14>

(D:\CommonSoftwares\ProductiveCodingEditors\MiKTeX\tex/latex/ieeetran\IEEEtran.
cls
Document Class: IEEEtran 2015/08/26 V1.8b by Michael Shell
-- See the "IEEEtran_HOWTO" manual for usage information.
-- http://www.michaelshell.org/tex/ieeetran/
\@IEEEtrantmpdimenA=\dimen140
\@IEEEtrantmpdimenB=\dimen141
\@IEEEtrantmpdimenC=\dimen142
\@IEEEtrantmpcountA=\count184
\@IEEEtrantmpcountB=\count185
\@IEEEtrantmpcountC=\count186
\@IEEEtrantmptoksA=\toks17
LaTeX Font Info:    Trying to load font information for TU+ptm on input line 50
3.
LaTeX Font Info:    No file TUptm.fd. on input line 503.

LaTeX Font Warning: Font shape `TU/ptm/m/n' undefined
(Font)              using `TU/lmr/m/n' instead on input line 503.

-- Using 8.5in x 11in (letter) paper.
-- Using DVI output.
\@IEEEnormalsizeunitybaselineskip=\dimen143
-- This is a 10 point document.
\CLASSINFOnormalsizebaselineskip=\dimen144
\CLASSINFOnormalsizeunitybaselineskip=\dimen145
\IEEEnormaljot=\dimen146

LaTeX Font Warning: Font shape `TU/ptm/bx/n' undefined
(Font)              using `TU/ptm/m/n' instead on input line 1090.


LaTeX Font Warning: Font shape `TU/ptm/m/it' undefined
(Font)              using `TU/ptm/m/n' instead on input line 1090.


LaTeX Font Warning: Font shape `TU/ptm/bx/it' undefined
(Font)              using `TU/ptm/bx/n' instead on input line 1090.

\IEEEquantizedlength=\dimen147
\IEEEquantizedlengthdiff=\dimen148
\IEEEquantizedtextheightdiff=\dimen149
\IEEEilabelindentA=\dimen150
\IEEEilabelindentB=\dimen151
\IEEEilabelindent=\dimen152
\IEEEelabelindent=\dimen153
\IEEEdlabelindent=\dimen154
\IEEElabelindent=\dimen155
\IEEEiednormlabelsep=\dimen156
\IEEEiedmathlabelsep=\dimen157
\IEEEiedtopsep=\skip48
\c@section=\count187
\c@subsection=\count188
\c@subsubsection=\count189
\c@paragraph=\count190
\c@IEEEsubequation=\count191
\abovecaptionskip=\skip49
\belowcaptionskip=\skip50
\c@figure=\count192
\c@table=\count193
\@IEEEeqnnumcols=\count194
\@IEEEeqncolcnt=\count195
\@IEEEsubeqnnumrollback=\count196
\@IEEEquantizeheightA=\dimen158
\@IEEEquantizeheightB=\dimen159
\@IEEEquantizeheightC=\dimen160
\@IEEEquantizeprevdepth=\dimen161
\@IEEEquantizemultiple=\count197
\@IEEEquantizeboxA=\box51
\@IEEEtmpitemindent=\dimen162
\IEEEPARstartletwidth=\dimen163
\c@IEEEbiography=\count198
\@IEEEtranrubishbin=\box52
)
(D:\CommonSoftwares\ProductiveCodingEditors\MiKTeX\tex/latex/amsmath\amsmath.st
y
Package: amsmath 2023/05/13 v2.17o AMS math features
\@mathmargin=\skip51

For additional information on amsmath, use the `?' option.

(D:\CommonSoftwares\ProductiveCodingEditors\MiKTeX\tex/latex/amsmath\amstext.st
y
Package: amstext 2021/08/26 v2.01 AMS text

(D:\CommonSoftwares\ProductiveCodingEditors\MiKTeX\tex/latex/amsmath\amsgen.sty
File: amsgen.sty 1999/11/30 v2.0 generic functions
\@emptytoks=\toks18
\ex@=\dimen164
))
(D:\CommonSoftwares\ProductiveCodingEditors\MiKTeX\tex/latex/amsmath\amsbsy.sty
Package: amsbsy 1999/11/29 v1.2d Bold Symbols
\pmbraise@=\dimen165
)
(D:\CommonSoftwares\ProductiveCodingEditors\MiKTeX\tex/latex/amsmath\amsopn.sty
Package: amsopn 2022/04/08 v2.04 operator names
)
\inf@bad=\count199
LaTeX Info: Redefining \frac on input line 234.
\uproot@=\count266
\leftroot@=\count267
LaTeX Info: Redefining \overline on input line 399.
LaTeX Info: Redefining \colon on input line 410.
\classnum@=\count268
\DOTSCASE@=\count269
LaTeX Info: Redefining \ldots on input line 496.
LaTeX Info: Redefining \dots on input line 499.
LaTeX Info: Redefining \cdots on input line 620.
\Mathstrutbox@=\box53
\strutbox@=\box54
LaTeX Info: Redefining \big on input line 722.
LaTeX Info: Redefining \Big on input line 723.
LaTeX Info: Redefining \bigg on input line 724.
LaTeX Info: Redefining \Bigg on input line 725.
\big@size=\dimen166
LaTeX Font Info:    Redeclaring font encoding OML on input line 743.
LaTeX Font Info:    Redeclaring font encoding OMS on input line 744.
\macc@depth=\count270
LaTeX Info: Redefining \bmod on input line 905.
LaTeX Info: Redefining \pmod on input line 910.
LaTeX Info: Redefining \smash on input line 940.
LaTeX Info: Redefining \relbar on input line 970.
LaTeX Info: Redefining \Relbar on input line 971.
\c@MaxMatrixCols=\count271
\dotsspace@=\muskip16
\c@parentequation=\count272
\dspbrk@lvl=\count273
\tag@help=\toks19
\row@=\count274
\column@=\count275
\maxfields@=\count276
\andhelp@=\toks20
\eqnshift@=\dimen167
\alignsep@=\dimen168
\tagshift@=\dimen169
\tagwidth@=\dimen170
\totwidth@=\dimen171
\lineht@=\dimen172
\@envbody=\toks21
\multlinegap=\skip52
\multlinetaggap=\skip53
\mathdisplay@stack=\toks22
LaTeX Info: Redefining \[ on input line 2953.
LaTeX Info: Redefining \] on input line 2954.
)
(D:\CommonSoftwares\ProductiveCodingEditors\MiKTeX\tex/latex/amsfonts\amsfonts.
sty
Package: amsfonts 2013/01/14 v3.01 Basic AMSFonts support
\symAMSa=\mathgroup4
\symAMSb=\mathgroup5
LaTeX Font Info:    Redeclaring math symbol \hbar on input line 98.
LaTeX Font Info:    Overwriting math alphabet `\mathfrak' in version `bold'
(Font)                  U/euf/m/n --> U/euf/b/n on input line 106.
)
(D:\CommonSoftwares\ProductiveCodingEditors\MiKTeX\tex/latex/algorithms\algorit
hmic.sty
Invalid UTF-8 byte or sequence at line 11 replaced by U+FFFD.
Package: algorithmic 2009/08/24 v0.1 Document Style `algorithmic'

(D:\CommonSoftwares\ProductiveCodingEditors\MiKTeX\tex/latex/base\ifthen.sty
Package: ifthen 2022/04/13 v1.1d Standard LaTeX ifthen package (DPC)
)
(D:\CommonSoftwares\ProductiveCodingEditors\MiKTeX\tex/latex/graphics\keyval.st
y
Package: keyval 2022/05/29 v1.15 key=value parser (DPC)
\KV@toks@=\toks23
)
\c@ALC@unique=\count277
\c@ALC@line=\count278
\c@ALC@rem=\count279
\c@ALC@depth=\count280
\ALC@tlm=\skip54
\algorithmicindent=\skip55
)
(D:\CommonSoftwares\ProductiveCodingEditors\MiKTeX\tex/latex/algorithms\algorit
hm.sty
Invalid UTF-8 byte or sequence at line 11 replaced by U+FFFD.
Package: algorithm 2009/08/24 v0.1 Document Style `algorithm' - floating enviro
nment

(D:\CommonSoftwares\ProductiveCodingEditors\MiKTeX\tex/latex/float\float.sty
Package: float 2001/11/08 v1.3d Float enhancements (AL)
\c@float@type=\count281
\float@exts=\toks24
\float@box=\box55
\@float@everytoks=\toks25
\@floatcapt=\box56
)
\@float@every@algorithm=\toks26
\c@algorithm=\count282
)
(D:\CommonSoftwares\ProductiveCodingEditors\MiKTeX\tex/latex/tools\array.sty
Package: array 2023/10/16 v2.5g Tabular extension package (FMi)
\col@sep=\dimen173
\ar@mcellbox=\box57
\extrarowheight=\dimen174
\NC@list=\toks27
\extratabsurround=\skip56
\backup@length=\skip57
\ar@cellbox=\box58
)
(D:\CommonSoftwares\ProductiveCodingEditors\MiKTeX\tex/latex/subfig\subfig.sty
Package: subfig 2005/06/28 ver: 1.3 subfig package

(D:\CommonSoftwares\ProductiveCodingEditors\MiKTeX\tex/latex/caption\caption3.s
ty
Package: caption3 2023/07/31 v2.4d caption3 kernel (AR)
\caption@tempdima=\dimen175
\captionmargin=\dimen176
\caption@leftmargin=\dimen177
\caption@rightmargin=\dimen178
\caption@width=\dimen179
\caption@indent=\dimen180
\caption@parindent=\dimen181
\caption@hangindent=\dimen182
Package caption Info: Unknown document class (or package),
(caption)             standard defaults will be used.
Package caption Info: \@makecaption = \long macro:#1#2->\ifx \@captype \@IEEEta
blestring \footnotesize \bgroup \par \centering \@IEEEtabletopskipstrut {\norma
lfont \footnotesize #1}\\{\normalfont \footnotesize \scshape #2}\par \addvspace
 {0.5\baselineskip }\egroup \@IEEEtablecaptionsepspace \else \@IEEEfigurecaptio
nsepspace \setbox \@tempboxa \hbox {\normalfont \footnotesize {#1.}\nobreakspac
e \nobreakspace #2}\ifdim \wd \@tempboxa >\hsize \setbox \@tempboxa \hbox {\nor
malfont \footnotesize {#1.}\nobreakspace \nobreakspace }\parbox [t]{\hsize }{\n
ormalfont \footnotesize \noindent \unhbox \@tempboxa #2}\else \ifCLASSOPTIONcon
ference \hbox to\hsize {\normalfont \footnotesize \hfil \box \@tempboxa \hfil }
\else \hbox to\hsize {\normalfont \footnotesize \box \@tempboxa \hfil }\fi \fi 
\fi  on input line 1175.
)
\c@KVtest=\count283
\sf@farskip=\skip58
\sf@captopadj=\dimen183
\sf@capskip=\skip59
\sf@nearskip=\skip60
\c@subfigure=\count284
\c@subfigure@save=\count285
\c@lofdepth=\count286
\c@subtable=\count287
\c@subtable@save=\count288
\c@lotdepth=\count289
\sf@top=\skip61
\sf@bottom=\skip62
)
(D:\CommonSoftwares\ProductiveCodingEditors\MiKTeX\tex/latex/base\textcomp.sty
Package: textcomp 2020/02/02 v2.0n Standard LaTeX package
)
(D:\CommonSoftwares\ProductiveCodingEditors\MiKTeX\tex/latex/sttools\stfloats.s
ty
Package: stfloats 2017/03/27 v3.3 Improve float mechanism and baselineskip sett
ings
\@dblbotnum=\count290
\c@dblbotnumber=\count291
) (D:\CommonSoftwares\ProductiveCodingEditors\MiKTeX\tex/latex/url\url.sty
\Urlmuskip=\muskip17
Package: url 2013/09/16  ver 3.4  Verb mode for urls, etc.
)
(D:\CommonSoftwares\ProductiveCodingEditors\MiKTeX\tex/latex/tools\verbatim.sty
Package: verbatim 2023-11-06 v1.5v LaTeX2e package for verbatim enhancements
\every@verbatim=\toks28
\verbatim@line=\toks29
\verbatim@in@stream=\read2
)
(D:\CommonSoftwares\ProductiveCodingEditors\MiKTeX\tex/latex/graphics\graphicx.
sty
Package: graphicx 2021/09/16 v1.2d Enhanced LaTeX Graphics (DPC,SPQR)

(D:\CommonSoftwares\ProductiveCodingEditors\MiKTeX\tex/latex/graphics\graphics.
sty
Package: graphics 2022/03/10 v1.4e Standard LaTeX Graphics (DPC,SPQR)

(D:\CommonSoftwares\ProductiveCodingEditors\MiKTeX\tex/latex/graphics\trig.sty
Package: trig 2021/08/11 v1.11 sin cos tan (DPC)
)
(D:\CommonSoftwares\ProductiveCodingEditors\MiKTeX\tex/latex/graphics-cfg\graph
ics.cfg
File: graphics.cfg 2016/06/04 v1.11 sample graphics configuration
)
Package graphics Info: Driver file: xetex.def on input line 107.

(D:\CommonSoftwares\ProductiveCodingEditors\MiKTeX\tex/latex/graphics-def\xetex
.def
File: xetex.def 2022/09/22 v5.0n Graphics/color driver for xetex
))
\Gin@req@height=\dimen184
\Gin@req@width=\dimen185
)
(D:\CommonSoftwares\ProductiveCodingEditors\MiKTeX\tex/latex/cite\cite.sty
LaTeX Info: Redefining \cite on input line 302.
LaTeX Info: Redefining \nocite on input line 332.
Package: cite 2015/02/27  v 5.5
)
(D:\CommonSoftwares\ProductiveCodingEditors\MiKTeX\tex/latex/preprint\balance.s
ty
Package: balance 1999/02/23 4.3 (PWD)
\oldvsize=\dimen186
)
(D:\CommonSoftwares\ProductiveCodingEditors\MiKTeX\tex/latex/lipsum\lipsum.sty
(D:\CommonSoftwares\ProductiveCodingEditors\MiKTeX\tex/latex/l3packages/l3keys2
e\l3keys2e.sty
(D:\CommonSoftwares\ProductiveCodingEditors\MiKTeX\tex/latex/l3kernel\expl3.sty
Package: expl3 2024-03-14 L3 programming layer (loader) 

(D:\CommonSoftwares\ProductiveCodingEditors\MiKTeX\tex/latex/l3backend\l3backen
d-xetex.def
File: l3backend-xetex.def 2024-03-14 L3 backend support: XeTeX
\g__graphics_track_int=\count292
\l__pdf_internal_box=\box59
\g__pdf_backend_object_int=\count293
\g__pdf_backend_annotation_int=\count294
\g__pdf_backend_link_int=\count295
))
Package: l3keys2e 2024-03-14 LaTeX2e option processing using LaTeX3 keys
)
Package: lipsum 2021-09-20 v2.7 150 paragraphs of Lorem Ipsum dummy text
\g__lipsum_par_int=\count296
\l__lipsum_a_int=\count297
\l__lipsum_b_int=\count298

(D:\CommonSoftwares\ProductiveCodingEditors\MiKTeX\tex/latex/lipsum\lipsum.ltd.
tex))
(D:\CommonSoftwares\ProductiveCodingEditors\MiKTeX\tex/latex/sttools\cuted.sty
Package: cuted 2021/10/04 v2.0 Mixing onecolumn and twocolumn modes
\At@ViperColsBreak=\toks30
\preCutedStrip=\toks31
\postCutedStrip=\toks32
\cuted@@tempbox@a=\box60
\cuted@@tempbox@c=\box61
\cuted@@tempbox@var=\box62
\hold@viper=\box63
\@viper=\box64
\cuted@@varbox@a=\box65
\cuted@@varbox@c=\box66
\cuted@@tempdim@spread=\dimen187
\cuted@@tempdim@a=\dimen188
\cuted@@tempdim@b=\dimen189
\ht@hold@viper=\dimen190
\ht@viper=\dimen191
\var@@pagediscards@ht=\dimen192
\stripsep=\skip63
\viper@penalty=\count299
) (D:\CommonSoftwares\ProductiveCodingEditors\MiKTeX\tex/latex/units\units.sty
Package: units 1998/08/04 v0.9b Typesetting units

(D:\CommonSoftwares\ProductiveCodingEditors\MiKTeX\tex/latex/units\nicefrac.sty
Package: nicefrac 1998/08/04 v0.9b Nice fractions
\L@UnitsRaiseDisplaystyle=\skip64
\L@UnitsRaiseTextstyle=\skip65
\L@UnitsRaiseScriptstyle=\skip66
)) (D:\CommonSoftwares\ProductiveCodingEditors\MiKTeX\tex/latex/xfrac\xfrac.sty
Package: xfrac 2024-02-13 Split-level fractions

(D:\CommonSoftwares\ProductiveCodingEditors\MiKTeX\tex/latex/l3packages/xtempla
te\xtemplate.sty
(D:\CommonSoftwares\ProductiveCodingEditors\MiKTeX\tex/latex/l3packages/xtempla
te\xtemplate-2023-10-10.sty
Package: xtemplate 2023-10-10 L3 Experimental prototype document functions
\l__xtemplate_tmp_dim=\dimen193
\l__xtemplate_tmp_int=\count300
\l__xtemplate_tmp_muskip=\muskip18
\l__xtemplate_tmp_skip=\skip67
))
\l__xfrac_slash_box=\box67
\l__xfrac_tmp_box=\box68
\l__xfrac_denominator_bot_sep_dim=\dimen194
\l__xfrac_numerator_bot_sep_dim=\dimen195
\l__xfrac_numerator_top_sep_dim=\dimen196
\l__xfrac_slash_left_sep_dim=\dimen197
\l__xfrac_slash_right_sep_dim=\dimen198
\l__xfrac_slash_left_muskip=\muskip19
\l__xfrac_slash_right_muskip=\muskip20

Package xtemplate Info: Declaring object type 'xfrac' taking 3 argument(s) on
(xtemplate)             line 98.

)
(D:\CommonSoftwares\ProductiveCodingEditors\MiKTeX\tex/generic/babel\babel.sty
Package: babel 2024/03/29 v24.3 The Babel package
\babel@savecnt=\count301
\U@D=\dimen199
\l@unhyphenated=\language79

(D:\CommonSoftwares\ProductiveCodingEditors\MiKTeX\tex/generic/babel\xebabel.de
f)
\bbl@readstream=\read3
\bbl@dirlevel=\count302

*************************************
* Local config file bblopts.cfg used
*
(D:\CommonSoftwares\ProductiveCodingEditors\MiKTeX\tex/latex/arabi\bblopts.cfg
File: bblopts.cfg 2005/09/08 v0.1 add Arabic and Farsi to "declared" options of
 babel
)
(D:\CommonSoftwares\ProductiveCodingEditors\MiKTeX\tex/latex/babel-german\ngerm
an.ldf
Language: ngerman 2024/01/19 v2.14 German support for babel (post-1996 orthogra
phy)

(D:\CommonSoftwares\ProductiveCodingEditors\MiKTeX\tex/latex/babel-german\ngerm
anb.ldf
Language: ngermanb 2024/01/19 v2.14 German support for babel (post-1996 orthogr
aphy)
Package babel Info: Making " an active character on input line 122.
))
(D:\CommonSoftwares\ProductiveCodingEditors\MiKTeX\tex/latex/babel-english\engl
ish.ldf
Language: english 2017/06/06 v3.3r English support from the babel system
Package babel Info: Hyphen rules for 'canadian' set to \l@english
(babel)             (\language0). Reported on input line 102.
Package babel Info: Hyphen rules for 'australian' set to \l@ukenglish
(babel)             (\language73). Reported on input line 105.
Package babel Info: Hyphen rules for 'newzealand' set to \l@ukenglish
(babel)             (\language73). Reported on input line 108.
))
(D:\CommonSoftwares\ProductiveCodingEditors\MiKTeX\tex/generic/babel/locale/en\
babel-english.tex
Package babel Info: Importing font and identification data for english
(babel)             from babel-en.ini. Reported on input line 11.
)
(D:\CommonSoftwares\ProductiveCodingEditors\MiKTeX\tex/generic/babel/locale/de\
babel-ngerman.tex
Package babel Info: Importing font and identification data for ngerman
(babel)             from babel-de.ini. Reported on input line 11.
)
(D:\CommonSoftwares\ProductiveCodingEditors\MiKTeX\tex/latex/breqn\breqn.sty
Package: breqn 2021/10/28 v0.98l Breaking equations

(D:\CommonSoftwares\ProductiveCodingEditors\MiKTeX\tex/latex/breqn\flexisym.sty
Package: flexisym 2021/10/28 v0.98l Make math characters macros
LaTeX Info: Redefining \textprime on input line 299.
LaTeX Info: Redefining \not on input line 357.
(D:\CommonSoftwares\ProductiveCodingEditors\MiKTeX\tex/latex/breqn\cmbase.sym
File: cmbase.sym 2007/12/19 v0.92
LaTeX Info: Redefining \hbar on input line 324.
LaTeX Info: Redefining \surd on input line 326.
LaTeX Info: Redefining \angle on input line 334.
LaTeX Info: Redefining \neq on input line 335.
LaTeX Info: Redefining \mapsto on input line 336.
LaTeX Info: Redefining \cong on input line 337.
LaTeX Info: Redefining \notin on input line 340.
LaTeX Info: Redefining \rightleftharpoons on input line 341.
LaTeX Info: Redefining \doteq on input line 342.
LaTeX Info: Redefining \hookrightarrow on input line 343.
LaTeX Info: Redefining \hookleftarrow on input line 344.
LaTeX Info: Redefining \bowtie on input line 345.
LaTeX Info: Redefining \models on input line 346.
LaTeX Info: Redefining \Longrightarrow on input line 347.
LaTeX Info: Redefining \longrightarrow on input line 348.
LaTeX Info: Redefining \Longleftarrow on input line 349.
LaTeX Info: Redefining \longleftarrow on input line 350.
LaTeX Info: Redefining \longmapsto on input line 351.
LaTeX Info: Redefining \longleftrightarrow on input line 352.
LaTeX Info: Redefining \Longleftrightarrow on input line 353.
LaTeX Info: Redefining \cdots on input line 357.
LaTeX Info: Redefining \vdots on input line 360.
LaTeX Info: Redefining \ddots on input line 365.
)
(D:\CommonSoftwares\ProductiveCodingEditors\MiKTeX\tex/latex/breqn\mathstyle.st
y
Package: mathstyle 2021/10/28 v0.98l Tracking mathstyle implicitly
LaTeX Info: Redefining \displaystyle on input line 95.
LaTeX Info: Redefining \textstyle on input line 97.
LaTeX Info: Redefining \scriptstyle on input line 99.
LaTeX Info: Redefining \scriptscriptstyle on input line 101.
LaTeX Info: Redefining \genfrac on input line 149.
)) (D:\CommonSoftwares\ProductiveCodingEditors\MiKTeX\tex/latex/tools\calc.sty
Package: calc 2023/07/08 v4.3 Infix arithmetic (KKT,FJ)
\calc@Acount=\count303
\calc@Bcount=\count304
\calc@Adimen=\dimen256
\calc@Bdimen=\dimen257
\calc@Askip=\skip68
\calc@Bskip=\skip69
LaTeX Info: Redefining \setlength on input line 80.
LaTeX Info: Redefining \addtolength on input line 81.
\calc@Ccount=\count305
\calc@Cskip=\skip70
)
\inf@bad=\count306
\maxint=\count307
\listwidth=\dimen258
\eqnumsep=\dimen259
\eqmargin=\dimen260
\eqlinespacing=\skip71
\eqlineskip=\skip72
\eqlineskiplimit=\dimen261
\eqbinoffset=\muskip21
\eqdelimoffset=\muskip22
\eqindentstep=\dimen262
\eqstyle=\toks33
\eqbreakdepth=\count308
\eqinterlinepenalty=\count309
\intereqpenalty=\count310
\intereqskip=\skip73
\prerelpenalty=\count311
\prebinoppenalty=\count312
\Dmedmuskip=\muskip23
\Dthickmuskip=\muskip24
\eqleftskip=\skip74
\eqrightskip=\skip75
\eq@vspan=\skip76
\eq@binoffset=\muskip25
\EQ@box=\box69
\EQ@copy=\box70
\EQ@numbox=\box71
\eq@wdNum=\dimen263
\GRP@numbox=\box72
\grp@wdNum=\dimen264
\eq@lines=\count313
\eq@curline=\count314
\eq@badness=\count315
\EQ@vims=\count316
\eq@dp=\dimen265
\eq@wdL=\dimen266
\eq@wdT=\dimen267
\eq@wdMin=\dimen268
\grp@wdL=\dimen269
\grp@wdR=\dimen270
\grp@wdT=\dimen271
\eq@wdRmax=\dimen272
\eq@firstht=\dimen273
\eq@wdCond=\dimen274
\eq@indentstep=\dimen275
\eq@linewidth=\dimen276
\grp@linewidth=\dimen277
\eq@hshift=\dimen278
\eq@given@sidespace=\dimen279
\mathindent=\dimen280
\eq@final@linecount=\count317
\eq@wdR=\dimen281
\EQ@continue=\toks34
\lr@level=\count318
\GRP@queue=\toks35
\GRP@box=\box73
\GRP@wholebox=\box74
\darraycolsep=\skip77
\cur@row=\count319
\cur@col=\count320
\conditionsep=\skip78
)
(D:\CommonSoftwares\ProductiveCodingEditors\MiKTeX\tex/latex/autobreak\autobrea
k.sty
Package: autobreak 2017/02/23 v0.3 simple line breaking of long formulae
\everybeforeautobreak=\toks36
\everyafterautobreak=\toks37
\@autobreak@alltoks=\toks38
\@autobreak@linetoks=\toks39
\@autobreak@lhswidth=\dimen282
\@autobreak@rhswidth=\dimen283
\@autobreak@maxlhswidth=\dimen284
\@autobreak@realmaxlhswidth=\dimen285
\@autobreak@maxrhswidth=\dimen286
\c@@autobreak@eqnindex=\count321
\c@@autobreak@subeqnindex=\count322

(D:\CommonSoftwares\ProductiveCodingEditors\MiKTeX\tex/generic/catchfile\catchf
ile.sty
Package: catchfile 2019/12/09 v1.8 Catch the contents of a file (HO)

(D:\CommonSoftwares\ProductiveCodingEditors\MiKTeX\tex/generic/infwarerr\infwar
err.sty
Package: infwarerr 2019/12/03 v1.5 Providing info/warning/error messages (HO)
)
(D:\CommonSoftwares\ProductiveCodingEditors\MiKTeX\tex/generic/ltxcmds\ltxcmds.
sty
Package: ltxcmds 2023-12-04 v1.26 LaTeX kernel commands for general use (HO)
)
(D:\CommonSoftwares\ProductiveCodingEditors\MiKTeX\tex/generic/etexcmds\etexcmd
s.sty
Package: etexcmds 2019/12/15 v1.7 Avoid name clashes with e-TeX commands (HO)

(D:\CommonSoftwares\ProductiveCodingEditors\MiKTeX\tex/generic/iftex\iftex.sty
Package: iftex 2022/02/03 v1.0f TeX engine tests
))))
(D:\CommonSoftwares\ProductiveCodingEditors\MiKTeX\tex/latex/tools\tabularx.sty
Package: tabularx 2023/07/08 v2.11c `tabularx' package (DPC)
\TX@col@width=\dimen287
\TX@old@table=\dimen288
\TX@old@col=\dimen289
\TX@target=\dimen290
\TX@delta=\dimen291
\TX@cols=\count323
\TX@ftn=\toks40
)
(D:\CommonSoftwares\ProductiveCodingEditors\MiKTeX\tex/latex/tools\indentfirst.
sty
Package: indentfirst 2023/07/02 v1.03 Indent first paragraph (DPC)
)
(D:\CommonSoftwares\ProductiveCodingEditors\MiKTeX\tex/latex/cases\cases.sty
Package: cases 2020/03/29 ver 3.2
\numc@numwid=\dimen292
)
(D:\CommonSoftwares\ProductiveCodingEditors\MiKTeX\tex/latex/amsfonts\amssymb.s
ty
Package: amssymb 2013/01/14 v3.01 AMS font symbols
)
(D:\CommonSoftwares\ProductiveCodingEditors\MiKTeX\tex/latex/hyperref\hyperref.
sty
Package: hyperref 2024-01-20 v7.01h Hypertext links for LaTeX

(D:\CommonSoftwares\ProductiveCodingEditors\MiKTeX\tex/latex/kvsetkeys\kvsetkey
s.sty
Package: kvsetkeys 2022-10-05 v1.19 Key value parser (HO)
)
(D:\CommonSoftwares\ProductiveCodingEditors\MiKTeX\tex/generic/kvdefinekeys\kvd
efinekeys.sty
Package: kvdefinekeys 2019-12-19 v1.6 Define keys (HO)
)
(D:\CommonSoftwares\ProductiveCodingEditors\MiKTeX\tex/generic/pdfescape\pdfesc
ape.sty
Package: pdfescape 2019/12/09 v1.15 Implements pdfTeX's escape features (HO)

(D:\CommonSoftwares\ProductiveCodingEditors\MiKTeX\tex/generic/pdftexcmds\pdfte
xcmds.sty
Package: pdftexcmds 2020-06-27 v0.33 Utility functions of pdfTeX for LuaTeX (HO
)
Package pdftexcmds Info: \pdf@primitive is available.
Package pdftexcmds Info: \pdf@ifprimitive is available.
Package pdftexcmds Info: \pdfdraftmode not found.
))
(D:\CommonSoftwares\ProductiveCodingEditors\MiKTeX\tex/latex/hycolor\hycolor.st
y
Package: hycolor 2020-01-27 v1.10 Color options for hyperref/bookmark (HO)
)
(D:\CommonSoftwares\ProductiveCodingEditors\MiKTeX\tex/latex/auxhook\auxhook.st
y
Package: auxhook 2019-12-17 v1.6 Hooks for auxiliary files (HO)
)
(D:\CommonSoftwares\ProductiveCodingEditors\MiKTeX\tex/latex/hyperref\nameref.s
ty
Package: nameref 2023-11-26 v2.56 Cross-referencing by name of section

(D:\CommonSoftwares\ProductiveCodingEditors\MiKTeX\tex/latex/refcount\refcount.
sty
Package: refcount 2019/12/15 v3.6 Data extraction from label references (HO)
)
(D:\CommonSoftwares\ProductiveCodingEditors\MiKTeX\tex/generic/gettitlestring\g
ettitlestring.sty
Package: gettitlestring 2019/12/15 v1.6 Cleanup title references (HO)

(D:\CommonSoftwares\ProductiveCodingEditors\MiKTeX\tex/latex/kvoptions\kvoption
s.sty
Package: kvoptions 2022-06-15 v3.15 Key value format for package options (HO)
))
\c@section@level=\count324
)
(D:\CommonSoftwares\ProductiveCodingEditors\MiKTeX\tex/latex/etoolbox\etoolbox.
sty
Package: etoolbox 2020/10/05 v2.5k e-TeX tools for LaTeX (JAW)
\etb@tempcnta=\count325
)
\@linkdim=\dimen293
\Hy@linkcounter=\count326
\Hy@pagecounter=\count327

(D:\CommonSoftwares\ProductiveCodingEditors\MiKTeX\tex/latex/hyperref\pd1enc.de
f
File: pd1enc.def 2024-01-20 v7.01h Hyperref: PDFDocEncoding definition (HO)
)
(D:\CommonSoftwares\ProductiveCodingEditors\MiKTeX\tex/generic/intcalc\intcalc.
sty
Package: intcalc 2019/12/15 v1.3 Expandable calculations with integers (HO)
)
\Hy@SavedSpaceFactor=\count328

(D:\CommonSoftwares\ProductiveCodingEditors\MiKTeX\tex/latex/hyperref\puenc.def
File: puenc.def 2024-01-20 v7.01h Hyperref: PDF Unicode definition (HO)
)
Package hyperref Info: Hyper figures OFF on input line 4179.
Package hyperref Info: Link nesting OFF on input line 4184.
Package hyperref Info: Hyper index ON on input line 4187.
Package hyperref Info: Plain pages OFF on input line 4194.
Package hyperref Info: Backreferencing OFF on input line 4199.
Package hyperref Info: Implicit mode ON; LaTeX internals redefined.
Package hyperref Info: Bookmarks ON on input line 4446.
\c@Hy@tempcnt=\count329
LaTeX Info: Redefining \url on input line 4784.
\XeTeXLinkMargin=\dimen294

(D:\CommonSoftwares\ProductiveCodingEditors\MiKTeX\tex/generic/bitset\bitset.st
y
Package: bitset 2019/12/09 v1.3 Handle bit-vector datatype (HO)

(D:\CommonSoftwares\ProductiveCodingEditors\MiKTeX\tex/generic/bigintcalc\bigin
tcalc.sty
Package: bigintcalc 2019/12/15 v1.5 Expandable calculations on big integers (HO
)
))
\Fld@menulength=\count330
\Field@Width=\dimen295
\Fld@charsize=\dimen296
Package hyperref Info: Hyper figures OFF on input line 6063.
Package hyperref Info: Link nesting OFF on input line 6068.
Package hyperref Info: Hyper index ON on input line 6071.
Package hyperref Info: backreferencing OFF on input line 6078.
Package hyperref Info: Link coloring OFF on input line 6083.
Package hyperref Info: Link coloring with OCG OFF on input line 6088.
Package hyperref Info: PDF/A mode OFF on input line 6093.

(D:\CommonSoftwares\ProductiveCodingEditors\MiKTeX\tex/latex/base\atbegshi-ltx.
sty
Package: atbegshi-ltx 2021/01/10 v1.0c Emulation of the original atbegshi
package with kernel methods
)
\Hy@abspage=\count331
\c@Item=\count332
\c@Hfootnote=\count333
)
Package hyperref Info: Driver (autodetected): hxetex.

(D:\CommonSoftwares\ProductiveCodingEditors\MiKTeX\tex/latex/hyperref\hxetex.de
f
File: hxetex.def 2024-01-20 v7.01h Hyperref driver for XeTeX

(D:\CommonSoftwares\ProductiveCodingEditors\MiKTeX\tex/generic/stringenc\string
enc.sty
Package: stringenc 2019/11/29 v1.12 Convert strings between diff. encodings (HO
)
)
\pdfm@box=\box75
\c@Hy@AnnotLevel=\count334
\HyField@AnnotCount=\count335
\Fld@listcount=\count336
\c@bookmark@seq@number=\count337

(D:\CommonSoftwares\ProductiveCodingEditors\MiKTeX\tex/latex/rerunfilecheck\rer
unfilecheck.sty
Package: rerunfilecheck 2022-07-10 v1.10 Rerun checks for auxiliary files (HO)

(D:\CommonSoftwares\ProductiveCodingEditors\MiKTeX\tex/latex/base\atveryend-ltx
.sty
Package: atveryend-ltx 2020/08/19 v1.0a Emulation of the original atveryend pac
kage
with kernel methods
)
(D:\CommonSoftwares\ProductiveCodingEditors\MiKTeX\tex/generic/uniquecounter\un
iquecounter.sty
Package: uniquecounter 2019/12/15 v1.4 Provide unlimited unique counter (HO)
)
Package uniquecounter Info: New unique counter `rerunfilecheck' on input line 2
85.
)
\Hy@SectionHShift=\skip79
)
(D:\CommonSoftwares\ProductiveCodingEditors\MiKTeX\tex/latex/cleveref\cleveref.
sty
Package: cleveref 2018/03/27 v0.21.4 Intelligent cross-referencing
Package cleveref Info: `hyperref' support loaded on input line 2370.
LaTeX Info: Redefining \cref on input line 2370.
LaTeX Info: Redefining \Cref on input line 2370.
LaTeX Info: Redefining \crefrange on input line 2370.
LaTeX Info: Redefining \Crefrange on input line 2370.
LaTeX Info: Redefining \cpageref on input line 2370.
LaTeX Info: Redefining \Cpageref on input line 2370.
LaTeX Info: Redefining \cpagerefrange on input line 2370.
LaTeX Info: Redefining \Cpagerefrange on input line 2370.
LaTeX Info: Redefining \labelcref on input line 2370.
LaTeX Info: Redefining \labelcpageref on input line 2370.
Package cleveref Info: `breqn' support loaded on input line 3109.
Package cleveref Info: `subfig' support loaded on input line 3164.
Package cleveref Info: always capitalise cross-reference names on input line 78
25.
Package cleveref Info: always capitalise cross-reference names on input line 78
52.
)
(D:\CommonSoftwares\ProductiveCodingEditors\MiKTeX\tex/latex/natbib\natbib.sty
Package: natbib 2010/09/13 8.31b (PWD, AO)


Package natbib Warning: The `cite' package should not be used
(natbib)                with natbib. Use option `sort' instead.

\bibhang=\skip80
\bibsep=\skip81
LaTeX Info: Redefining \cite on input line 694.
LaTeX Info: Redefining \citenum on input line 708.
\c@NAT@ctr=\count338
)
(D:\CommonSoftwares\ProductiveCodingEditors\MiKTeX\tex/latex/anyfontsize\anyfon
tsize.sty
Invalid UTF-8 byte or sequence at line 3 replaced by U+FFFD.
Invalid UTF-8 byte or sequence at line 3 replaced by U+FFFD.
Package: anyfontsize 2007/11/22 anyfontsize.sty by pts
)
(D:\CommonSoftwares\ProductiveCodingEditors\MiKTeX\tex/latex/nomencl\nomencl.st
y
Package: nomencl 2021/11/10 v5.6 Nomenclature package

(D:\CommonSoftwares\ProductiveCodingEditors\MiKTeX\tex/latex/xkeyval\xkeyval.st
y
Package: xkeyval 2022/06/16 v2.9 package option processing (HA)

(D:\CommonSoftwares\ProductiveCodingEditors\MiKTeX\tex/generic/xkeyval\xkeyval.
tex
(D:\CommonSoftwares\ProductiveCodingEditors\MiKTeX\tex/generic/xkeyval\xkvutils
.tex
\XKV@toks=\toks41
\XKV@tempa@toks=\toks42
)
\XKV@depth=\count339
File: xkeyval.tex 2014/12/03 v2.7a key=value parser (HA)
))
(D:\CommonSoftwares\ProductiveCodingEditors\MiKTeX\tex/latex/koma-script\tocbas
ic.sty
Package: tocbasic 2023/07/07 v3.41 KOMA-Script package (handling toc-files)

(D:\CommonSoftwares\ProductiveCodingEditors\MiKTeX\tex/latex/koma-script\scrbas
e.sty
Package: scrbase 2023/07/07 v3.41 KOMA-Script package (KOMA-Script-independent 
basics and keyval usage)

(D:\CommonSoftwares\ProductiveCodingEditors\MiKTeX\tex/latex/koma-script\scrlfi
le.sty
Package: scrlfile 2023/07/07 v3.41 KOMA-Script package (file load hooks)

(D:\CommonSoftwares\ProductiveCodingEditors\MiKTeX\tex/latex/koma-script\scrlfi
le-hook.sty
Package: scrlfile-hook 2023/07/07 v3.41 KOMA-Script package (using LaTeX hooks)


(D:\CommonSoftwares\ProductiveCodingEditors\MiKTeX\tex/latex/koma-script\scrlog
o.sty
Package: scrlogo 2023/07/07 v3.41 KOMA-Script package (logo)
)))
Applying: [2021/05/01] Usage of raw or classic option list on input line 252.
Already applied: [0000/00/00] Usage of raw or classic option list on input line
 368.
)
\scr@dte@tocline@numberwidth=\skip82
\scr@dte@tocline@numbox=\box76
)
Package tocbasic Info: setting babel extension for `nlo' on input line 187.
Package tocbasic Info: setting babel extension for `nls' on input line 188.
\nomlabelwidth=\dimen297
\nom@tempdim=\dimen298
\nomitemsep=\skip83
)
\@nomenclaturefile=\write3
\openout3 = `New_IEEEtran_how-to.nlo'.

Package nomencl Info: Writing nomenclature file New_IEEEtran_how-to.nlo on inpu
t line 36.


LaTeX Warning: Unused global option(s):
    [lettersize].

(New_IEEEtran_how-to.aux

LaTeX Warning: Label `fig12' multiply defined.


LaTeX Warning: Label `fig12@cref' multiply defined.


LaTeX Warning: Label `fig12' multiply defined.


LaTeX Warning: Label `fig12@cref' multiply defined.


LaTeX Warning: Label `fig12' multiply defined.


LaTeX Warning: Label `fig12@cref' multiply defined.

)
\openout1 = `New_IEEEtran_how-to.aux'.

LaTeX Font Info:    Checking defaults for OML/cmm/m/it on input line 78.
LaTeX Font Info:    ... okay on input line 78.
LaTeX Font Info:    Checking defaults for OMS/cmsy/m/n on input line 78.
LaTeX Font Info:    ... okay on input line 78.
LaTeX Font Info:    Checking defaults for OT1/cmr/m/n on input line 78.
LaTeX Font Info:    ... okay on input line 78.
LaTeX Font Info:    Checking defaults for T1/cmr/m/n on input line 78.
LaTeX Font Info:    ... okay on input line 78.
LaTeX Font Info:    Checking defaults for TS1/cmr/m/n on input line 78.
LaTeX Font Info:    Trying to load font information for TS1+cmr on input line 7
8.
 (D:\CommonSoftwares\ProductiveCodingEditors\MiKTeX\tex/latex/base\ts1cmr.fd
File: ts1cmr.fd 2023/04/13 v2.5m Standard LaTeX font definitions
)
LaTeX Font Info:    ... okay on input line 78.
LaTeX Font Info:    Checking defaults for TU/lmr/m/n on input line 78.
LaTeX Font Info:    ... okay on input line 78.
LaTeX Font Info:    Checking defaults for OMX/cmex/m/n on input line 78.
LaTeX Font Info:    ... okay on input line 78.
LaTeX Font Info:    Checking defaults for U/cmr/m/n on input line 78.
LaTeX Font Info:    ... okay on input line 78.
LaTeX Font Info:    Checking defaults for PD1/pdf/m/n on input line 78.
LaTeX Font Info:    ... okay on input line 78.
LaTeX Font Info:    Checking defaults for PU/pdf/m/n on input line 78.
LaTeX Font Info:    ... okay on input line 78.


LaTeX Font Warning: Font shape `TU/ptm/b/n' undefined
(Font)              using `TU/ptm/bx/n' instead on input line 78.


LaTeX Font Warning: Font shape `TU/ptm/b/it' undefined
(Font)              using `TU/ptm/bx/it' instead on input line 78.


LaTeX Font Warning: Font shape `TU/ptm/b/n' undefined
(Font)              using `TU/ptm/bx/n' instead on input line 78.


LaTeX Font Warning: Font shape `TU/ptm/b/it' undefined
(Font)              using `TU/ptm/bx/it' instead on input line 78.


LaTeX Font Warning: Font shape `TU/ptm/b/n' undefined
(Font)              using `TU/ptm/bx/n' instead on input line 78.


LaTeX Font Warning: Font shape `TU/ptm/b/it' undefined
(Font)              using `TU/ptm/bx/it' instead on input line 78.


LaTeX Font Warning: Font shape `TU/ptm/b/n' undefined
(Font)              using `TU/ptm/bx/n' instead on input line 78.


LaTeX Font Warning: Font shape `TU/ptm/b/it' undefined
(Font)              using `TU/ptm/bx/it' instead on input line 78.


LaTeX Font Warning: Font shape `TU/ptm/b/n' undefined
(Font)              using `TU/ptm/bx/n' instead on input line 78.


LaTeX Font Warning: Font shape `TU/ptm/b/it' undefined
(Font)              using `TU/ptm/bx/it' instead on input line 78.


LaTeX Font Warning: Font shape `TU/ptm/b/n' undefined
(Font)              using `TU/ptm/bx/n' instead on input line 78.


LaTeX Font Warning: Font shape `TU/ptm/b/it' undefined
(Font)              using `TU/ptm/bx/it' instead on input line 78.


LaTeX Font Warning: Font shape `TU/ptm/b/n' undefined
(Font)              using `TU/ptm/bx/n' instead on input line 78.


LaTeX Font Warning: Font shape `TU/ptm/b/it' undefined
(Font)              using `TU/ptm/bx/it' instead on input line 78.


LaTeX Font Warning: Font shape `TU/ptm/b/n' undefined
(Font)              using `TU/ptm/bx/n' instead on input line 78.


LaTeX Font Warning: Font shape `TU/ptm/b/it' undefined
(Font)              using `TU/ptm/bx/it' instead on input line 78.


LaTeX Font Warning: Font shape `TU/ptm/b/n' undefined
(Font)              using `TU/ptm/bx/n' instead on input line 78.


LaTeX Font Warning: Font shape `TU/ptm/b/it' undefined
(Font)              using `TU/ptm/bx/it' instead on input line 78.


LaTeX Font Warning: Font shape `TU/ptm/b/n' undefined
(Font)              using `TU/ptm/bx/n' instead on input line 78.


LaTeX Font Warning: Font shape `TU/ptm/b/it' undefined
(Font)              using `TU/ptm/bx/it' instead on input line 78.

-- Lines per column: 58 (exact).
Package caption Info: Begin \AtBeginDocument code.
Package caption Info: subfig package v1.3 is loaded.
Package caption Info: End \AtBeginDocument code.
Package hyperref Info: Link coloring OFF on input line 78.
(New_IEEEtran_how-to.out) (New_IEEEtran_how-to.out)
\@outlinefile=\write4
\openout4 = `New_IEEEtran_how-to.out'.

LaTeX Font Info:    Trying to load font information for TU+stix on input line 9
5.
LaTeX Font Info:    No file TUstix.fd. on input line 95.


LaTeX Font Warning: Font shape `TU/stix/m/n' undefined
(Font)              using `TU/lmr/m/n' instead on input line 95.


LaTeX Font Warning: Font shape `TU/ptm/b/n' undefined
(Font)              using `TU/ptm/bx/n' instead on input line 96.


LaTeX Font Warning: Font shape `TU/ptm/b/n' undefined
(Font)              using `TU/ptm/bx/n' instead on input line 103.

(New_IEEEtran_how-to.nls

LaTeX Font Warning: Font shape `TU/ptm/m/sc' undefined
(Font)              using `TU/ptm/m/n' instead on input line 2.


LaTeX Font Warning: Font shape `TU/stix/b/n' undefined
(Font)              using `TU/stix/m/n' instead on input line 3.

LaTeX Font Info:    Trying to load font information for U+msa on input line 4.
(D:\CommonSoftwares\ProductiveCodingEditors\MiKTeX\tex/latex/amsfonts\umsa.fd
File: umsa.fd 2013/01/14 v3.01 AMS symbols A
)
LaTeX Font Info:    Trying to load font information for U+msb on input line 4.

(D:\CommonSoftwares\ProductiveCodingEditors\MiKTeX\tex/latex/amsfonts\umsb.fd
File: umsb.fd 2013/01/14 v3.01 AMS symbols B
)
Overfull \hbox (2.4046pt too wide) in paragraph at lines 45--46
[]\TU/stix/b/n/9 Threshold of Rate-of-Change-of-Frequency(RoCoF) 
 []

) [1


] [2]
Overfull \hbox (75.10503pt too wide) in paragraph at lines 168--170
\TU/ptm/m/sc/10 gregated parameters $[] \OML/cmm/m/it/10 ; []$
 []


Overfull \hbox (39.62285pt too wide) detected at line 177
[]
 []

File: fig2.pdf Graphic file (type pdf)
<use fig2.pdf>

Overfull \hbox (1.53516pt too wide) in paragraph at lines 284--285
[]\TU/ptm/m/sc/10 In Eq. ([]4[]), $\OMS/cmsy/m/n/10 P\OT1/cmr/m/n/10 (^^A\OML/c
mm/m/it/10 f\OT1/cmr/m/n/10 (\OML/cmm/m/it/10 t[]  \OT1/cmr/m/n/10 +  (\OML/cmm
/m/it/10 n  \OT1/cmr/m/n/10 +  1)^^A\OML/cmm/m/it/10 t$ $ \OMS/cmsy/m/n/10 j  \
OT1/cmr/m/n/10 ^^A\OML/cmm/m/it/10 p [] ; u[]$\TU/ptm/m/sc/10 ,
 []


Overfull \hbox (1.74052pt too wide) in paragraph at lines 284--285
\TU/ptm/m/sc/10 form $\OMS/cmsy/m/n/10 P []$ \TU/ptm/m/sc/10 and
 []


Overfull \hbox (21.25111pt too wide) in paragraph at lines 284--285
\TU/ptm/m/sc/10 a related normalized constant $\OMS/cmsy/m/n/10 P []$
 []


Overfull \hbox (7.00826pt too wide) detected at line 295
[]
 []

[3]
Underfull \hbox (badness 2042) in paragraph at lines 298--299
[]\TU/ptm/m/sc/10 Next, let the initial time $\OML/cmm/m/it/10 t[] \OT1/cmr/m/n
/10 = 0$ \TU/ptm/m/sc/10 and replace
 []


Overfull \hbox (3.46497pt too wide) detected at line 307
[]
 []


Underfull \hbox (badness 1430) in paragraph at lines 327--328
\OT1/cmr/m/n/10 1)$\TU/ptm/m/sc/10 . Since $\OML/cmm/m/it/10 ^^U[]; ^^U[]$ \TU/
ptm/m/sc/10 cannot directly generated from
 []


Overfull \hbox (48.39978pt too wide) in paragraph at lines 327--328
\OMS/cmsy/m/n/10 P []$ $[]$ \TU/ptm/m/sc/10 and $\OMS/cmsy/m/n/10 P [] []$
 []


Underfull \hbox (badness 1616) in paragraph at lines 327--328
\TU/ptm/m/sc/10 sequential Important Sampling (SIS) method is
 []


Overfull \hbox (4.69386pt too wide) in paragraph at lines 330--331
[]\TU/ptm/m/sc/10 Let $\OML/cmm/m/it/10 ^^S\OT1/cmr/m/n/10 (\OML/cmm/m/it/10 n\
OT1/cmr/m/n/10 )  =  \OMS/cmsy/m/n/10 P [] \OML/cmm/m/it/10 ; ^^S\OT1/cmr/m/n/1
0 (\OML/cmm/m/it/10 n\OT1/cmr/m/n/10 ) = ([]\OML/cmm/m/it/10 =[]\OT1/cmr/m/n/10
 )  \OMS/cmsy/m/n/10 ^^A
 []


Overfull \hbox (0.6689pt too wide) detected at line 340
[]
 []


LaTeX Font Warning: Font shape `TU/ptm/b/n' undefined
(Font)              using `TU/ptm/bx/n' instead on input line 371.


LaTeX Font Warning: Font shape `TU/ptm/b/n' undefined
(Font)              using `TU/ptm/bx/n' instead on input line 373.


LaTeX Font Warning: Font shape `TU/ptm/b/n' undefined
(Font)              using `TU/ptm/bx/n' instead on input line 373.


LaTeX Font Warning: Font shape `TU/ptm/b/n' undefined
(Font)              using `TU/ptm/bx/n' instead on input line 374.


LaTeX Font Warning: Font shape `TU/ptm/b/n' undefined
(Font)              using `TU/ptm/bx/n' instead on input line 374.


LaTeX Font Warning: Font shape `TU/ptm/b/n' undefined
(Font)              using `TU/ptm/bx/n' instead on input line 375.


LaTeX Font Warning: Font shape `TU/ptm/b/n' undefined
(Font)              using `TU/ptm/bx/n' instead on input line 380.


LaTeX Font Warning: Font shape `TU/ptm/b/n' undefined
(Font)              using `TU/ptm/bx/n' instead on input line 385.


LaTeX Font Warning: Font shape `TU/ptm/b/n' undefined
(Font)              using `TU/ptm/bx/n' instead on input line 388.


LaTeX Font Warning: Font shape `TU/ptm/b/n' undefined
(Font)              using `TU/ptm/bx/n' instead on input line 389.


Overfull \hbox (19.1347pt too wide) in paragraph at lines 367--392
[][] 
 []


Package hyperref Warning: Token not allowed in a PDF string (Unicode):
(hyperref)                removing `math shift' on input line 401.


Package hyperref Warning: Token not allowed in a PDF string (Unicode):
(hyperref)                removing `\leavevmode@ifvmode' on input line 401.


Package hyperref Warning: Token not allowed in a PDF string (Unicode):
(hyperref)                \kern 1.66702pt
(hyperref)                removed on input line 401.


Package hyperref Warning: Token not allowed in a PDF string (Unicode):
(hyperref)                removing `\leavevmode@ifvmode' on input line 401.


Package hyperref Warning: Token not allowed in a PDF string (Unicode):
(hyperref)                \kern 1.66702pt
(hyperref)                removed on input line 401.


Package hyperref Warning: Token not allowed in a PDF string (Unicode):
(hyperref)                removing `math shift' on input line 401.


Package hyperref Warning: Token not allowed in a PDF string (Unicode):
(hyperref)                removing `math shift' on input line 417.


Package hyperref Warning: Token not allowed in a PDF string (Unicode):
(hyperref)                removing `\leavevmode@ifvmode' on input line 417.


Package hyperref Warning: Token not allowed in a PDF string (Unicode):
(hyperref)                \kern 1.66702pt
(hyperref)                removed on input line 417.


Package hyperref Warning: Token not allowed in a PDF string (Unicode):
(hyperref)                removing `\leavevmode@ifvmode' on input line 417.


Package hyperref Warning: Token not allowed in a PDF string (Unicode):
(hyperref)                \kern 1.66702pt
(hyperref)                removed on input line 417.


Package hyperref Warning: Token not allowed in a PDF string (Unicode):
(hyperref)                removing `math shift' on input line 417.

File: fig3.pdf Graphic file (type pdf)
<use fig3.pdf>
[4]
Overfull \hbox (2.79486pt too wide) in paragraph at lines 475--475
 \TU/ptm/m/sc/10 C. $\OT1/cmr/m/n/10 (\OML/cmm/m/it/10 chance \OMS/cmsy/m/n/10 
^^@ \OML/cmm/m/it/10 constraint\OT1/cmr/m/n/10 )  \OML/cmm/m/it/10 nadir  const
raint  reformulation$ 
 []


Package hyperref Warning: Token not allowed in a PDF string (Unicode):
(hyperref)                removing `math shift' on input line 475.


Package hyperref Warning: Token not allowed in a PDF string (Unicode):
(hyperref)                removing `\leavevmode@ifvmode' on input line 475.


Package hyperref Warning: Token not allowed in a PDF string (Unicode):
(hyperref)                \kern 1.66702pt
(hyperref)                removed on input line 475.


Package hyperref Warning: Token not allowed in a PDF string (Unicode):
(hyperref)                removing `\leavevmode@ifvmode' on input line 475.


Package hyperref Warning: Token not allowed in a PDF string (Unicode):
(hyperref)                \kern 1.66702pt
(hyperref)                removed on input line 475.


Package hyperref Warning: Token not allowed in a PDF string (Unicode):
(hyperref)                removing `\leavevmode@ifvmode' on input line 475.


Package hyperref Warning: Token not allowed in a PDF string (Unicode):
(hyperref)                \kern 1.66702pt
(hyperref)                removed on input line 475.


Package hyperref Warning: Token not allowed in a PDF string (Unicode):
(hyperref)                removing `\leavevmode@ifvmode' on input line 475.


Package hyperref Warning: Token not allowed in a PDF string (Unicode):
(hyperref)                \kern 1.66702pt
(hyperref)                removed on input line 475.


Package hyperref Warning: Token not allowed in a PDF string (Unicode):
(hyperref)                removing `\leavevmode@ifvmode' on input line 475.


Package hyperref Warning: Token not allowed in a PDF string (Unicode):
(hyperref)                \kern 1.66702pt
(hyperref)                removed on input line 475.


Package hyperref Warning: Token not allowed in a PDF string (Unicode):
(hyperref)                removing `\leavevmode@ifvmode' on input line 475.


Package hyperref Warning: Token not allowed in a PDF string (Unicode):
(hyperref)                \kern 1.66702pt
(hyperref)                removed on input line 475.


Package hyperref Warning: Token not allowed in a PDF string (Unicode):
(hyperref)                removing `math shift' on input line 475.


Underfull \hbox (badness 1490) in paragraph at lines 476--477
\TU/ptm/m/sc/10 density distribution of $\OMS/cmsy/m/n/10 P\OT1/cmr/m/n/10 (^^A
\OML/cmm/m/it/10 f\OT1/cmr/m/n/10 (\OML/cmm/m/it/10 t\OT1/cmr/m/n/10 ))$ \TU/pt
m/m/sc/10 may be effectively
 []

[5]
Overfull \hbox (7.8734pt too wide) in paragraph at lines 527--528
[]\TU/ptm/m/sc/10 Let $[]\OT1/cmr/m/n/10 (\OML/cmm/m/it/10 }; []\OT1/cmr/m/n/10
 )  =  [] []$
 []


Overfull \hbox (6.84511pt too wide) detected at line 534
[]
 []

LaTeX Font Info:    Trying to load font information for TU+pcr on input line 53
7.
LaTeX Font Info:    No file TUpcr.fd. on input line 537.

LaTeX Font Warning: Font shape `TU/pcr/m/n' undefined
(Font)              using `TU/lmr/m/n' instead on input line 537.


Overfull \hbox (5.99988pt too wide) detected at line 547
[]
 []

[6]
Overfull \hbox (7.36014pt too wide) in paragraph at lines 689--701
[][] 
 []

[7]
File: fig8_LOADandWINDscurves.pdf Graphic file (type pdf)
<use fig8_LOADandWINDscurves.pdf>
File: fig5_new_SFRcurves.pdf Graphic file (type pdf)
<use fig5_new_SFRcurves.pdf>
File: fig6_SFRPDFinformations.pdf Graphic file (type pdf)
<use fig6_SFRPDFinformations.pdf>
File: fig7_surface.pdf Graphic file (type pdf)
<use fig7_surface.pdf>

Overfull \hbox (0.85068pt too wide) in paragraph at lines 748--757
[][] 
 []


Overfull \hbox (19.40372pt too wide) in paragraph at lines 759--760
[]\TU/pcr/m/n/10 In Table []IV[], both schedule costs solved by FDUC/CCFDUC
 []

[8]
File: fig9_OnlineUnitRes.pdf Graphic file (type pdf)
<use fig9_OnlineUnitRes.pdf>
File: fig10_powerbalance2and3.pdf Graphic file (type pdf)
<use fig10_powerbalance2and3.pdf>
File: fig11_RoCOFandnadirdistributionINFO.pdf Graphic file (type pdf)
<use fig11_RoCOFandnadirdistributionINFO.pdf>

Underfull \hbox (badness 4291) in paragraph at lines 782--782
\TU/ptm/m/sc/8 Figure 9.  []The distribution of RoCoF in (a) and nadir
 []


Underfull \hbox (badness 10000) in paragraph at lines 782--782
\TU/ptm/m/sc/8 in (b) corresponding to scheduled commitments through
 []

File: fig13_SFRcurveandadditionaPower.pdf Graphic file (type pdf)
<use fig13_SFRcurveandadditionaPower.pdf>
File: fig12_cost_and_wastepower.pdf Graphic file (type pdf)
<use fig12_cost_and_wastepower.pdf>
[9]
Overfull \hbox (0.85068pt too wide) in paragraph at lines 819--828
[][] 
 []

File: fig14_bigcase_LOADandWINDscurves.pdf Graphic file (type pdf)
<use fig14_bigcase_LOADandWINDscurves.pdf>
File: fig15_bigcase_RoCOFandnadirdistributionINFO.pdf Graphic file (type pdf)
<use fig15_bigcase_RoCOFandnadirdistributionINFO.pdf>

Underfull \hbox (badness 3271) in paragraph at lines 841--841
\TU/ptm/m/sc/8 Figure 13.  []The distribution of RoCoF in (a) and nadir
 []


Underfull \hbox (badness 10000) in paragraph at lines 841--841
\TU/ptm/m/sc/8 in (b) corresponding to scheduled commitments through
 []


Underfull \hbox (badness 3503) in paragraph at lines 841--841
\TU/ptm/m/sc/8 TUC/FDUC/CCFDUC in the modified IEEE 118 bus test
 []

File: fig16_bigcase_OnlineUnitRes.pdf Graphic file (type pdf)
<use fig16_bigcase_OnlineUnitRes.pdf>
[10] (New_IEEEtran_how-to.bbl

LaTeX Font Warning: Font shape `TU/stix/m/it' undefined
(Font)              using `TU/stix/m/n' instead on input line 26.


Underfull \hbox (badness 3396) in paragraph at lines 82--85
[]\TU/stix/m/it/9 F. Teng, V. Trovato, and G. Strbac, “Stochastic
 []


Underfull \hbox (badness 1715) in paragraph at lines 109--113
\TU/stix/m/it/9 from simulation results considering regulations from
 []


Underfull \hbox (badness 2809) in paragraph at lines 115--118
[]\TU/stix/m/it/9 X. Qi, T. Zhao, X. Liu, and P. Wang, “Three-
 []


Underfull \hbox (badness 2818) in paragraph at lines 120--123
[]\TU/stix/m/it/9 G. W. Chang, C.-S. Chuang, T.-K. Lu, and C.-
 []


Underfull \hbox (badness 1635) in paragraph at lines 140--144
\TU/stix/m/it/9 data-driven distributionally robust chance-constrained
 []

) [11] (New_IEEEtran_how-to.aux)
 ***********
LaTeX2e <2023-11-01> patch level 1
L3 programming layer <2024-03-14>
 ***********


LaTeX Font Warning: Some font shapes were not available, defaults substituted.


LaTeX Warning: There were multiply-defined labels.

Package rerunfilecheck Info: File `New_IEEEtran_how-to.out' has not changed.
(rerunfilecheck)             Checksum: 29F34D7F4DBBA032AF33A6E6F6DE78A8;2043.
 ) 
Here is how much of TeX's memory you used:
 18376 strings out of 409555
 320678 string characters out of 5770982
 1979148 words of memory out of 5000000
 40265 multiletter control sequences out of 15000+600000
 564861 words of font info for 74 fonts, out of 8000000 for 9000
 1355 hyphenation exceptions out of 8191
 110i,18n,107p,2215b,582s stack positions out of 10000i,1000n,20000p,200000b,200000s

Output written on New_IEEEtran_how-to.pdf (11 pages).
