This is pdfTeX, Version 3.141592653-2.6-1.40.25 (TeX Live 2023) (preloaded format=pdflatex 2023.6.25)  10 AUG 2023 10:00
entering extended mode
 restricted \write18 enabled.
 %&-line parsing enabled.
**New_IEEEtran_how-to.tex
(./New_IEEEtran_how-to.tex
LaTeX2e <2023-06-01> patch level 1
L3 programming layer <2023-06-16>

(d:/CommonSoftwares/ProductiveCodingTools/texlive/2023/texmf-dist/tex/latex/iee
etran/IEEEtran.cls
Document Class: IEEEtran 2015/08/26 V1.8b by Michael Shell
-- See the "IEEEtran_HOWTO" manual for usage information.
-- http://www.michaelshell.org/tex/ieeetran/
\@IEEEtrantmpdimenA=\dimen140
\@IEEEtrantmpdimenB=\dimen141
\@IEEEtrantmpdimenC=\dimen142
\@IEEEtrantmpcountA=\count185
\@IEEEtrantmpcountB=\count186
\@IEEEtrantmpcountC=\count187
\@IEEEtrantmptoksA=\toks17
LaTeX Font Info:    Trying to load font information for OT1+ptm on input line 5
03.

(d:/CommonSoftwares/ProductiveCodingTools/texlive/2023/texmf-dist/tex/latex/psn
fss/ot1ptm.fd
File: ot1ptm.fd 2001/06/04 font definitions for OT1/ptm.
)
-- Using 8.5in x 11in (letter) paper.
-- Using PDF output.
\@IEEEnormalsizeunitybaselineskip=\dimen143
-- This is a 10 point document.
\CLASSINFOnormalsizebaselineskip=\dimen144
\CLASSINFOnormalsizeunitybaselineskip=\dimen145
\IEEEnormaljot=\dimen146
LaTeX Font Info:    Font shape `OT1/ptm/bx/n' in size <5> not available
(Font)              Font shape `OT1/ptm/b/n' tried instead on input line 1090.
LaTeX Font Info:    Font shape `OT1/ptm/bx/it' in size <5> not available
(Font)              Font shape `OT1/ptm/b/it' tried instead on input line 1090.

LaTeX Font Info:    Font shape `OT1/ptm/bx/n' in size <7> not available
(Font)              Font shape `OT1/ptm/b/n' tried instead on input line 1090.
LaTeX Font Info:    Font shape `OT1/ptm/bx/it' in size <7> not available
(Font)              Font shape `OT1/ptm/b/it' tried instead on input line 1090.

LaTeX Font Info:    Font shape `OT1/ptm/bx/n' in size <8> not available
(Font)              Font shape `OT1/ptm/b/n' tried instead on input line 1090.
LaTeX Font Info:    Font shape `OT1/ptm/bx/it' in size <8> not available
(Font)              Font shape `OT1/ptm/b/it' tried instead on input line 1090.

LaTeX Font Info:    Font shape `OT1/ptm/bx/n' in size <9> not available
(Font)              Font shape `OT1/ptm/b/n' tried instead on input line 1090.
LaTeX Font Info:    Font shape `OT1/ptm/bx/it' in size <9> not available
(Font)              Font shape `OT1/ptm/b/it' tried instead on input line 1090.

LaTeX Font Info:    Font shape `OT1/ptm/bx/n' in size <10> not available
(Font)              Font shape `OT1/ptm/b/n' tried instead on input line 1090.
LaTeX Font Info:    Font shape `OT1/ptm/bx/it' in size <10> not available
(Font)              Font shape `OT1/ptm/b/it' tried instead on input line 1090.

LaTeX Font Info:    Font shape `OT1/ptm/bx/n' in size <11> not available
(Font)              Font shape `OT1/ptm/b/n' tried instead on input line 1090.
LaTeX Font Info:    Font shape `OT1/ptm/bx/it' in size <11> not available
(Font)              Font shape `OT1/ptm/b/it' tried instead on input line 1090.

LaTeX Font Info:    Font shape `OT1/ptm/bx/n' in size <12> not available
(Font)              Font shape `OT1/ptm/b/n' tried instead on input line 1090.
LaTeX Font Info:    Font shape `OT1/ptm/bx/it' in size <12> not available
(Font)              Font shape `OT1/ptm/b/it' tried instead on input line 1090.

LaTeX Font Info:    Font shape `OT1/ptm/bx/n' in size <17> not available
(Font)              Font shape `OT1/ptm/b/n' tried instead on input line 1090.
LaTeX Font Info:    Font shape `OT1/ptm/bx/it' in size <17> not available
(Font)              Font shape `OT1/ptm/b/it' tried instead on input line 1090.

LaTeX Font Info:    Font shape `OT1/ptm/bx/n' in size <20> not available
(Font)              Font shape `OT1/ptm/b/n' tried instead on input line 1090.
LaTeX Font Info:    Font shape `OT1/ptm/bx/it' in size <20> not available
(Font)              Font shape `OT1/ptm/b/it' tried instead on input line 1090.

LaTeX Font Info:    Font shape `OT1/ptm/bx/n' in size <24> not available
(Font)              Font shape `OT1/ptm/b/n' tried instead on input line 1090.
LaTeX Font Info:    Font shape `OT1/ptm/bx/it' in size <24> not available
(Font)              Font shape `OT1/ptm/b/it' tried instead on input line 1090.

\IEEEquantizedlength=\dimen147
\IEEEquantizedlengthdiff=\dimen148
\IEEEquantizedtextheightdiff=\dimen149
\IEEEilabelindentA=\dimen150
\IEEEilabelindentB=\dimen151
\IEEEilabelindent=\dimen152
\IEEEelabelindent=\dimen153
\IEEEdlabelindent=\dimen154
\IEEElabelindent=\dimen155
\IEEEiednormlabelsep=\dimen156
\IEEEiedmathlabelsep=\dimen157
\IEEEiedtopsep=\skip48
\c@section=\count188
\c@subsection=\count189
\c@subsubsection=\count190
\c@paragraph=\count191
\c@IEEEsubequation=\count192
\abovecaptionskip=\skip49
\belowcaptionskip=\skip50
\c@figure=\count193
\c@table=\count194
\@IEEEeqnnumcols=\count195
\@IEEEeqncolcnt=\count196
\@IEEEsubeqnnumrollback=\count197
\@IEEEquantizeheightA=\dimen158
\@IEEEquantizeheightB=\dimen159
\@IEEEquantizeheightC=\dimen160
\@IEEEquantizeprevdepth=\dimen161
\@IEEEquantizemultiple=\count198
\@IEEEquantizeboxA=\box51
\@IEEEtmpitemindent=\dimen162
\IEEEPARstartletwidth=\dimen163
\c@IEEEbiography=\count199
\@IEEEtranrubishbin=\box52
)
(d:/CommonSoftwares/ProductiveCodingTools/texlive/2023/texmf-dist/tex/latex/ams
math/amsmath.sty
Package: amsmath 2023/05/13 v2.17o AMS math features
\@mathmargin=\skip51

For additional information on amsmath, use the `?' option.

(d:/CommonSoftwares/ProductiveCodingTools/texlive/2023/texmf-dist/tex/latex/ams
math/amstext.sty
Package: amstext 2021/08/26 v2.01 AMS text

(d:/CommonSoftwares/ProductiveCodingTools/texlive/2023/texmf-dist/tex/latex/ams
math/amsgen.sty
File: amsgen.sty 1999/11/30 v2.0 generic functions
\@emptytoks=\toks18
\ex@=\dimen164
))
(d:/CommonSoftwares/ProductiveCodingTools/texlive/2023/texmf-dist/tex/latex/ams
math/amsbsy.sty
Package: amsbsy 1999/11/29 v1.2d Bold Symbols
\pmbraise@=\dimen165
)
(d:/CommonSoftwares/ProductiveCodingTools/texlive/2023/texmf-dist/tex/latex/ams
math/amsopn.sty
Package: amsopn 2022/04/08 v2.04 operator names
)
\inf@bad=\count266
LaTeX Info: Redefining \frac on input line 234.
\uproot@=\count267
\leftroot@=\count268
LaTeX Info: Redefining \overline on input line 399.
LaTeX Info: Redefining \colon on input line 410.
\classnum@=\count269
\DOTSCASE@=\count270
LaTeX Info: Redefining \ldots on input line 496.
LaTeX Info: Redefining \dots on input line 499.
LaTeX Info: Redefining \cdots on input line 620.
\Mathstrutbox@=\box53
\strutbox@=\box54
LaTeX Info: Redefining \big on input line 722.
LaTeX Info: Redefining \Big on input line 723.
LaTeX Info: Redefining \bigg on input line 724.
LaTeX Info: Redefining \Bigg on input line 725.
\big@size=\dimen166
LaTeX Font Info:    Redeclaring font encoding OML on input line 743.
LaTeX Font Info:    Redeclaring font encoding OMS on input line 744.
\macc@depth=\count271
LaTeX Info: Redefining \bmod on input line 905.
LaTeX Info: Redefining \pmod on input line 910.
LaTeX Info: Redefining \smash on input line 940.
LaTeX Info: Redefining \relbar on input line 970.
LaTeX Info: Redefining \Relbar on input line 971.
\c@MaxMatrixCols=\count272
\dotsspace@=\muskip16
\c@parentequation=\count273
\dspbrk@lvl=\count274
\tag@help=\toks19
\row@=\count275
\column@=\count276
\maxfields@=\count277
\andhelp@=\toks20
\eqnshift@=\dimen167
\alignsep@=\dimen168
\tagshift@=\dimen169
\tagwidth@=\dimen170
\totwidth@=\dimen171
\lineht@=\dimen172
\@envbody=\toks21
\multlinegap=\skip52
\multlinetaggap=\skip53
\mathdisplay@stack=\toks22
LaTeX Info: Redefining \[ on input line 2953.
LaTeX Info: Redefining \] on input line 2954.
)
(d:/CommonSoftwares/ProductiveCodingTools/texlive/2023/texmf-dist/tex/latex/ams
fonts/amsfonts.sty
Package: amsfonts 2013/01/14 v3.01 Basic AMSFonts support
\symAMSa=\mathgroup4
\symAMSb=\mathgroup5
LaTeX Font Info:    Redeclaring math symbol \hbar on input line 98.
LaTeX Font Info:    Overwriting math alphabet `\mathfrak' in version `bold'
(Font)                  U/euf/m/n --> U/euf/b/n on input line 106.
)
(d:/CommonSoftwares/ProductiveCodingTools/texlive/2023/texmf-dist/tex/latex/alg
orithms/algorithmic.sty
Package: algorithmic 2009/08/24 v0.1 Document Style `algorithmic'

(d:/CommonSoftwares/ProductiveCodingTools/texlive/2023/texmf-dist/tex/latex/bas
e/ifthen.sty
Package: ifthen 2022/04/13 v1.1d Standard LaTeX ifthen package (DPC)
)
(d:/CommonSoftwares/ProductiveCodingTools/texlive/2023/texmf-dist/tex/latex/gra
phics/keyval.sty
Package: keyval 2022/05/29 v1.15 key=value parser (DPC)
\KV@toks@=\toks23
)
\c@ALC@unique=\count278
\c@ALC@line=\count279
\c@ALC@rem=\count280
\c@ALC@depth=\count281
\ALC@tlm=\skip54
\algorithmicindent=\skip55
)
(d:/CommonSoftwares/ProductiveCodingTools/texlive/2023/texmf-dist/tex/latex/alg
orithms/algorithm.sty
Package: algorithm 2009/08/24 v0.1 Document Style `algorithm' - floating enviro
nment

(d:/CommonSoftwares/ProductiveCodingTools/texlive/2023/texmf-dist/tex/latex/flo
at/float.sty
Package: float 2001/11/08 v1.3d Float enhancements (AL)
\c@float@type=\count282
\float@exts=\toks24
\float@box=\box55
\@float@everytoks=\toks25
\@floatcapt=\box56
)
\@float@every@algorithm=\toks26
\c@algorithm=\count283
)
(d:/CommonSoftwares/ProductiveCodingTools/texlive/2023/texmf-dist/tex/latex/too
ls/array.sty
Package: array 2022/09/04 v2.5g Tabular extension package (FMi)
\col@sep=\dimen173
\ar@mcellbox=\box57
\extrarowheight=\dimen174
\NC@list=\toks27
\extratabsurround=\skip56
\backup@length=\skip57
\ar@cellbox=\box58
)
(d:/CommonSoftwares/ProductiveCodingTools/texlive/2023/texmf-dist/tex/latex/sub
fig/subfig.sty
Package: subfig 2005/06/28 ver: 1.3 subfig package

(d:/CommonSoftwares/ProductiveCodingTools/texlive/2023/texmf-dist/tex/latex/cap
tion/caption3.sty
Package: caption3 2023/03/12 v2.4 caption3 kernel (AR)
\caption@tempdima=\dimen175
\captionmargin=\dimen176
\caption@leftmargin=\dimen177
\caption@rightmargin=\dimen178
\caption@width=\dimen179
\caption@indent=\dimen180
\caption@parindent=\dimen181
\caption@hangindent=\dimen182
Package caption Info: Unknown document class (or package),
(caption)             standard defaults will be used.
Package caption Info: \@makecaption = \long macro:#1#2->\ifx \@captype \@IEEEta
blestring \footnotesize \bgroup \par \centering \@IEEEtabletopskipstrut {\norma
lfont \footnotesize #1}\\{\normalfont \footnotesize \scshape #2}\par \addvspace
 {0.5\baselineskip }\egroup \@IEEEtablecaptionsepspace \else \@IEEEfigurecaptio
nsepspace \setbox \@tempboxa \hbox {\normalfont \footnotesize {#1.}\nobreakspac
e \nobreakspace #2}\ifdim \wd \@tempboxa >\hsize \setbox \@tempboxa \hbox {\nor
malfont \footnotesize {#1.}\nobreakspace \nobreakspace }\parbox [t]{\hsize }{\n
ormalfont \footnotesize \noindent \unhbox \@tempboxa #2}\else \ifCLASSOPTIONcon
ference \hbox to\hsize {\normalfont \footnotesize \hfil \box \@tempboxa \hfil }
\else \hbox to\hsize {\normalfont \footnotesize \box \@tempboxa \hfil }\fi \fi 
\fi  on input line 1176.
)
\c@KVtest=\count284
\sf@farskip=\skip58
\sf@captopadj=\dimen183
\sf@capskip=\skip59
\sf@nearskip=\skip60
\c@subfigure=\count285
\c@subfigure@save=\count286
\c@lofdepth=\count287
\c@subtable=\count288
\c@subtable@save=\count289
\c@lotdepth=\count290
\sf@top=\skip61
\sf@bottom=\skip62
)
(d:/CommonSoftwares/ProductiveCodingTools/texlive/2023/texmf-dist/tex/latex/bas
e/textcomp.sty
Package: textcomp 2020/02/02 v2.0n Standard LaTeX package
)
(d:/CommonSoftwares/ProductiveCodingTools/texlive/2023/texmf-dist/tex/latex/stt
ools/stfloats.sty
Package: stfloats 2017/03/27 v3.3 Improve float mechanism and baselineskip sett
ings
\@dblbotnum=\count291
\c@dblbotnumber=\count292
)
(d:/CommonSoftwares/ProductiveCodingTools/texlive/2023/texmf-dist/tex/latex/url
/url.sty
\Urlmuskip=\muskip17
Package: url 2013/09/16  ver 3.4  Verb mode for urls, etc.
)
(d:/CommonSoftwares/ProductiveCodingTools/texlive/2023/texmf-dist/tex/latex/too
ls/verbatim.sty
Package: verbatim 2022-07-02 v1.5u LaTeX2e package for verbatim enhancements
\every@verbatim=\toks28
\verbatim@line=\toks29
\verbatim@in@stream=\read2
)
(d:/CommonSoftwares/ProductiveCodingTools/texlive/2023/texmf-dist/tex/latex/gra
phics/graphicx.sty
Package: graphicx 2021/09/16 v1.2d Enhanced LaTeX Graphics (DPC,SPQR)

(d:/CommonSoftwares/ProductiveCodingTools/texlive/2023/texmf-dist/tex/latex/gra
phics/graphics.sty
Package: graphics 2022/03/10 v1.4e Standard LaTeX Graphics (DPC,SPQR)

(d:/CommonSoftwares/ProductiveCodingTools/texlive/2023/texmf-dist/tex/latex/gra
phics/trig.sty
Package: trig 2021/08/11 v1.11 sin cos tan (DPC)
)
(d:/CommonSoftwares/ProductiveCodingTools/texlive/2023/texmf-dist/tex/latex/gra
phics-cfg/graphics.cfg
File: graphics.cfg 2016/06/04 v1.11 sample graphics configuration
)
Package graphics Info: Driver file: pdftex.def on input line 107.

(d:/CommonSoftwares/ProductiveCodingTools/texlive/2023/texmf-dist/tex/latex/gra
phics-def/pdftex.def
File: pdftex.def 2022/09/22 v1.2b Graphics/color driver for pdftex
))
\Gin@req@height=\dimen184
\Gin@req@width=\dimen185
)
(d:/CommonSoftwares/ProductiveCodingTools/texlive/2023/texmf-dist/tex/latex/cit
e/cite.sty
LaTeX Info: Redefining \cite on input line 302.
LaTeX Info: Redefining \nocite on input line 332.
Package: cite 2015/02/27  v 5.5
)
(d:/CommonSoftwares/ProductiveCodingTools/texlive/2023/texmf-dist/tex/latex/pre
print/balance.sty
Package: balance 1999/02/23 4.3 (PWD)
\oldvsize=\dimen186
)
(d:/CommonSoftwares/ProductiveCodingTools/texlive/2023/texmf-dist/tex/latex/lip
sum/lipsum.sty
(d:/CommonSoftwares/ProductiveCodingTools/texlive/2023/texmf-dist/tex/latex/l3p
ackages/l3keys2e/l3keys2e.sty
(d:/CommonSoftwares/ProductiveCodingTools/texlive/2023/texmf-dist/tex/latex/l3k
ernel/expl3.sty
Package: expl3 2023-06-16 L3 programming layer (loader) 

(d:/CommonSoftwares/ProductiveCodingTools/texlive/2023/texmf-dist/tex/latex/l3b
ackend/l3backend-pdftex.def
File: l3backend-pdftex.def 2023-04-19 L3 backend support: PDF output (pdfTeX)
\l__color_backend_stack_int=\count293
\l__pdf_internal_box=\box59
))
Package: l3keys2e 2023-02-02 LaTeX2e option processing using LaTeX3 keys
)
Package: lipsum 2021-09-20 v2.7 150 paragraphs of Lorem Ipsum dummy text
\g__lipsum_par_int=\count294
\l__lipsum_a_int=\count295
\l__lipsum_b_int=\count296

(d:/CommonSoftwares/ProductiveCodingTools/texlive/2023/texmf-dist/tex/latex/lip
sum/lipsum.ltd.tex))
(d:/CommonSoftwares/ProductiveCodingTools/texlive/2023/texmf-dist/tex/latex/stt
ools/cuted.sty
Package: cuted 2021/10/04 v2.0 Mixing onecolumn and twocolumn modes
\At@ViperColsBreak=\toks30
\preCutedStrip=\toks31
\postCutedStrip=\toks32
\cuted@@tempbox@a=\box60
\cuted@@tempbox@c=\box61
\cuted@@tempbox@var=\box62
\hold@viper=\box63
\@viper=\box64
\cuted@@varbox@a=\box65
\cuted@@varbox@c=\box66
\cuted@@tempdim@spread=\dimen187
\cuted@@tempdim@a=\dimen188
\cuted@@tempdim@b=\dimen189
\ht@hold@viper=\dimen190
\ht@viper=\dimen191
\var@@pagediscards@ht=\dimen192
\stripsep=\skip63
\viper@penalty=\count297
)
(d:/CommonSoftwares/ProductiveCodingTools/texlive/2023/texmf-dist/tex/latex/uni
ts/units.sty
Package: units 1998/08/04 v0.9b Typesetting units

(d:/CommonSoftwares/ProductiveCodingTools/texlive/2023/texmf-dist/tex/latex/uni
ts/nicefrac.sty
Package: nicefrac 1998/08/04 v0.9b Nice fractions
\L@UnitsRaiseDisplaystyle=\skip64
\L@UnitsRaiseTextstyle=\skip65
\L@UnitsRaiseScriptstyle=\skip66
))
(d:/CommonSoftwares/ProductiveCodingTools/texlive/2023/texmf-dist/tex/latex/l3p
ackages/xfrac/xfrac.sty
(d:/CommonSoftwares/ProductiveCodingTools/texlive/2023/texmf-dist/tex/latex/l3p
ackages/xparse/xparse.sty
Package: xparse 2023-02-02 L3 Experimental document command parser
)
(d:/CommonSoftwares/ProductiveCodingTools/texlive/2023/texmf-dist/tex/latex/l3p
ackages/xtemplate/xtemplate.sty
Package: xtemplate 2023-02-02 L3 Experimental prototype document functions
\l__xtemplate_tmp_dim=\dimen193
\l__xtemplate_tmp_int=\count298
\l__xtemplate_tmp_muskip=\muskip18
\l__xtemplate_tmp_skip=\skip67
)
Package: xfrac 2023-02-02 L3 Experimental split-level fractions
\l__xfrac_slash_box=\box67
\l__xfrac_tmp_box=\box68
\l__xfrac_denominator_bot_sep_dim=\dimen194
\l__xfrac_numerator_bot_sep_dim=\dimen195
\l__xfrac_numerator_top_sep_dim=\dimen196
\l__xfrac_slash_left_sep_dim=\dimen197
\l__xfrac_slash_right_sep_dim=\dimen198
\l__xfrac_slash_left_muskip=\muskip19
\l__xfrac_slash_right_muskip=\muskip20

Package xtemplate Info: Declaring object type 'xfrac' taking 3 argument(s) on
(xtemplate)             line 80.

)
(d:/CommonSoftwares/ProductiveCodingTools/texlive/2023/texmf-dist/tex/generic/b
abel/babel.sty
Package: babel 2023/05/11 v3.89 The Babel package
\babel@savecnt=\count299
\U@D=\dimen199
\l@unhyphenated=\language87

(d:/CommonSoftwares/ProductiveCodingTools/texlive/2023/texmf-dist/tex/generic/b
abel/txtbabel.def)
\bbl@readstream=\read3
\bbl@dirlevel=\count300

(d:/CommonSoftwares/ProductiveCodingTools/texlive/2023/texmf-dist/tex/generic/b
abel-german/ngerman.ldf
Language: ngerman 2021/02/27 v2.13 German support for babel (post-1996 orthogra
phy)

(d:/CommonSoftwares/ProductiveCodingTools/texlive/2023/texmf-dist/tex/generic/b
abel-german/ngermanb.ldf
Language: ngermanb 2021/02/27 v2.13 German support for babel (post-1996 orthogr
aphy)
Package babel Info: Making " an active character on input line 122.
))
(d:/CommonSoftwares/ProductiveCodingTools/texlive/2023/texmf-dist/tex/generic/b
abel-english/english.ldf
Language: english 2017/06/06 v3.3r English support from the babel system
Package babel Info: Hyphen rules for 'canadian' set to \l@english
(babel)             (\language0). Reported on input line 102.
Package babel Info: Hyphen rules for 'australian' set to \l@ukenglish
(babel)             (\language21). Reported on input line 105.
Package babel Info: Hyphen rules for 'newzealand' set to \l@ukenglish
(babel)             (\language21). Reported on input line 108.
))
(d:/CommonSoftwares/ProductiveCodingTools/texlive/2023/texmf-dist/tex/generic/b
abel/locale/en/babel-english.tex
Package babel Info: Importing font and identification data for english
(babel)             from babel-en.ini. Reported on input line 11.
)
(d:/CommonSoftwares/ProductiveCodingTools/texlive/2023/texmf-dist/tex/generic/b
abel/locale/de/babel-ngerman.tex
Package babel Info: Importing font and identification data for ngerman
(babel)             from babel-de.ini. Reported on input line 11.
)
(d:/CommonSoftwares/ProductiveCodingTools/texlive/2023/texmf-dist/tex/latex/bre
qn/breqn.sty
Package: breqn 2021/10/28 v0.98l Breaking equations

(d:/CommonSoftwares/ProductiveCodingTools/texlive/2023/texmf-dist/tex/latex/bre
qn/flexisym.sty
Package: flexisym 2021/10/28 v0.98l Make math characters macros
LaTeX Info: Redefining \textprime on input line 299.
LaTeX Info: Redefining \not on input line 357.

(d:/CommonSoftwares/ProductiveCodingTools/texlive/2023/texmf-dist/tex/latex/bre
qn/cmbase.sym
File: cmbase.sym 2007/12/19 v0.92
LaTeX Info: Redefining \hbar on input line 324.
LaTeX Info: Redefining \surd on input line 326.
LaTeX Info: Redefining \angle on input line 334.
LaTeX Info: Redefining \neq on input line 335.
LaTeX Info: Redefining \mapsto on input line 336.
LaTeX Info: Redefining \cong on input line 337.
LaTeX Info: Redefining \notin on input line 340.
LaTeX Info: Redefining \rightleftharpoons on input line 341.
LaTeX Info: Redefining \doteq on input line 342.
LaTeX Info: Redefining \hookrightarrow on input line 343.
LaTeX Info: Redefining \hookleftarrow on input line 344.
LaTeX Info: Redefining \bowtie on input line 345.
LaTeX Info: Redefining \models on input line 346.
LaTeX Info: Redefining \Longrightarrow on input line 347.
LaTeX Info: Redefining \longrightarrow on input line 348.
LaTeX Info: Redefining \Longleftarrow on input line 349.
LaTeX Info: Redefining \longleftarrow on input line 350.
LaTeX Info: Redefining \longmapsto on input line 351.
LaTeX Info: Redefining \longleftrightarrow on input line 352.
LaTeX Info: Redefining \Longleftrightarrow on input line 353.
LaTeX Info: Redefining \cdots on input line 357.
LaTeX Info: Redefining \vdots on input line 360.
LaTeX Info: Redefining \ddots on input line 365.
)
(d:/CommonSoftwares/ProductiveCodingTools/texlive/2023/texmf-dist/tex/latex/bre
qn/mathstyle.sty
Package: mathstyle 2021/10/28 v0.98l Tracking mathstyle implicitly
LaTeX Info: Redefining \displaystyle on input line 95.
LaTeX Info: Redefining \textstyle on input line 97.
LaTeX Info: Redefining \scriptstyle on input line 99.
LaTeX Info: Redefining \scriptscriptstyle on input line 101.
LaTeX Info: Redefining \genfrac on input line 149.
))
(d:/CommonSoftwares/ProductiveCodingTools/texlive/2023/texmf-dist/tex/latex/too
ls/calc.sty
Package: calc 2017/05/25 v4.3 Infix arithmetic (KKT,FJ)
\calc@Acount=\count301
\calc@Bcount=\count302
\calc@Adimen=\dimen256
\calc@Bdimen=\dimen257
\calc@Askip=\skip68
\calc@Bskip=\skip69
LaTeX Info: Redefining \setlength on input line 80.
LaTeX Info: Redefining \addtolength on input line 81.
\calc@Ccount=\count303
\calc@Cskip=\skip70
)
\inf@bad=\count304
\maxint=\count305
\listwidth=\dimen258
\eqnumsep=\dimen259
\eqmargin=\dimen260
\eqlinespacing=\skip71
\eqlineskip=\skip72
\eqlineskiplimit=\dimen261
\eqbinoffset=\muskip21
\eqdelimoffset=\muskip22
\eqindentstep=\dimen262
\eqstyle=\toks33
\eqbreakdepth=\count306
\eqinterlinepenalty=\count307
\intereqpenalty=\count308
\intereqskip=\skip73
\prerelpenalty=\count309
\prebinoppenalty=\count310
\Dmedmuskip=\muskip23
\Dthickmuskip=\muskip24
\eqleftskip=\skip74
\eqrightskip=\skip75
\eq@vspan=\skip76
\eq@binoffset=\muskip25
\EQ@box=\box69
\EQ@copy=\box70
\EQ@numbox=\box71
\eq@wdNum=\dimen263
\GRP@numbox=\box72
\grp@wdNum=\dimen264
\eq@lines=\count311
\eq@curline=\count312
\eq@badness=\count313
\EQ@vims=\count314
\eq@dp=\dimen265
\eq@wdL=\dimen266
\eq@wdT=\dimen267
\eq@wdMin=\dimen268
\grp@wdL=\dimen269
\grp@wdR=\dimen270
\grp@wdT=\dimen271
\eq@wdRmax=\dimen272
\eq@firstht=\dimen273
\eq@wdCond=\dimen274
\eq@indentstep=\dimen275
\eq@linewidth=\dimen276
\grp@linewidth=\dimen277
\eq@hshift=\dimen278
\eq@given@sidespace=\dimen279
\mathindent=\dimen280
\eq@final@linecount=\count315
\eq@wdR=\dimen281
\EQ@continue=\toks34
\lr@level=\count316
\GRP@queue=\toks35
\GRP@box=\box73
\GRP@wholebox=\box74
\darraycolsep=\skip77
\cur@row=\count317
\cur@col=\count318
\conditionsep=\skip78
)
(d:/CommonSoftwares/ProductiveCodingTools/texlive/2023/texmf-dist/tex/latex/aut
obreak/autobreak.sty
Package: autobreak 2017/02/23 v0.3 simple line breaking of long formulae
\everybeforeautobreak=\toks36
\everyafterautobreak=\toks37
\@autobreak@alltoks=\toks38
\@autobreak@linetoks=\toks39
\@autobreak@lhswidth=\dimen282
\@autobreak@rhswidth=\dimen283
\@autobreak@maxlhswidth=\dimen284
\@autobreak@realmaxlhswidth=\dimen285
\@autobreak@maxrhswidth=\dimen286
\c@@autobreak@eqnindex=\count319
\c@@autobreak@subeqnindex=\count320

(d:/CommonSoftwares/ProductiveCodingTools/texlive/2023/texmf-dist/tex/generic/c
atchfile/catchfile.sty
Package: catchfile 2019/12/09 v1.8 Catch the contents of a file (HO)

(d:/CommonSoftwares/ProductiveCodingTools/texlive/2023/texmf-dist/tex/generic/i
nfwarerr/infwarerr.sty
Package: infwarerr 2019/12/03 v1.5 Providing info/warning/error messages (HO)
)
(d:/CommonSoftwares/ProductiveCodingTools/texlive/2023/texmf-dist/tex/generic/l
txcmds/ltxcmds.sty
Package: ltxcmds 2020-05-10 v1.25 LaTeX kernel commands for general use (HO)
)
(d:/CommonSoftwares/ProductiveCodingTools/texlive/2023/texmf-dist/tex/generic/e
texcmds/etexcmds.sty
Package: etexcmds 2019/12/15 v1.7 Avoid name clashes with e-TeX commands (HO)

(d:/CommonSoftwares/ProductiveCodingTools/texlive/2023/texmf-dist/tex/generic/i
ftex/iftex.sty
Package: iftex 2022/02/03 v1.0f TeX engine tests
))))
(d:/CommonSoftwares/ProductiveCodingTools/texlive/2023/texmf-dist/tex/latex/too
ls/tabularx.sty
Package: tabularx 2020/01/15 v2.11c `tabularx' package (DPC)
\TX@col@width=\dimen287
\TX@old@table=\dimen288
\TX@old@col=\dimen289
\TX@target=\dimen290
\TX@delta=\dimen291
\TX@cols=\count321
\TX@ftn=\toks40
)
(d:/CommonSoftwares/ProductiveCodingTools/texlive/2023/texmf-dist/tex/latex/too
ls/indentfirst.sty
Package: indentfirst 1995/11/23 v1.03 Indent first paragraph (DPC)
)
(d:/CommonSoftwares/ProductiveCodingTools/texlive/2023/texmf-dist/tex/latex/cas
es/cases.sty
Package: cases 2020/03/29 ver 3.2
\numc@numwid=\dimen292
)
(d:/CommonSoftwares/ProductiveCodingTools/texlive/2023/texmf-dist/tex/latex/cap
tion/caption.sty
Package: caption 2023/03/12 v3.6j Customizing captions (AR)


Package caption Warning: Unknown document class (or package),
(caption)                standard defaults will be used.
See the caption package documentation for explanation.

\c@caption@flags=\count322
\c@continuedfloat=\count323
Package caption Info: float package is loaded.
)

LaTeX Warning: Unused global option(s):
    [lettersize].

(build/New_IEEEtran_how-to.aux)
\openout1 = `New_IEEEtran_how-to.aux'.

LaTeX Font Info:    Checking defaults for OML/cmm/m/it on input line 75.
LaTeX Font Info:    ... okay on input line 75.
LaTeX Font Info:    Checking defaults for OMS/cmsy/m/n on input line 75.
LaTeX Font Info:    ... okay on input line 75.
LaTeX Font Info:    Checking defaults for OT1/cmr/m/n on input line 75.
LaTeX Font Info:    ... okay on input line 75.
LaTeX Font Info:    Checking defaults for T1/cmr/m/n on input line 75.
LaTeX Font Info:    ... okay on input line 75.
LaTeX Font Info:    Checking defaults for TS1/cmr/m/n on input line 75.
LaTeX Font Info:    ... okay on input line 75.
LaTeX Font Info:    Checking defaults for OMX/cmex/m/n on input line 75.
LaTeX Font Info:    ... okay on input line 75.
LaTeX Font Info:    Checking defaults for U/cmr/m/n on input line 75.
LaTeX Font Info:    ... okay on input line 75.

-- Lines per column: 58 (exact).
Package caption Info: Begin \AtBeginDocument code.
Package caption Info: Option `justification=RaggedRight' requires the `ragged2e
' package on input line 75.

(d:/CommonSoftwares/ProductiveCodingTools/texlive/2023/texmf-dist/tex/latex/rag
ged2e/ragged2e.sty
Package: ragged2e 2023/06/22 v3.6 ragged2e Package
\CenteringLeftskip=\skip79
\RaggedLeftLeftskip=\skip80
\RaggedRightLeftskip=\skip81
\CenteringRightskip=\skip82
\RaggedLeftRightskip=\skip83
\RaggedRightRightskip=\skip84
\CenteringParfillskip=\skip85
\RaggedLeftParfillskip=\skip86
\RaggedRightParfillskip=\skip87
\JustifyingParfillskip=\skip88
\CenteringParindent=\skip89
\RaggedLeftParindent=\skip90
\RaggedRightParindent=\skip91
\JustifyingParindent=\skip92
)
Package caption Info: subfig package v1.3 is loaded.
Package caption Info: End \AtBeginDocument code.

(d:/CommonSoftwares/ProductiveCodingTools/texlive/2023/texmf-dist/tex/context/b
ase/mkii/supp-pdf.mkii
[Loading MPS to PDF converter (version 2006.09.02).]
\scratchcounter=\count324
\scratchdimen=\dimen293
\scratchbox=\box75
\nofMPsegments=\count325
\nofMParguments=\count326
\everyMPshowfont=\toks41
\MPscratchCnt=\count327
\MPscratchDim=\dimen294
\MPnumerator=\count328
\makeMPintoPDFobject=\count329
\everyMPtoPDFconversion=\toks42
)
(d:/CommonSoftwares/ProductiveCodingTools/texlive/2023/texmf-dist/tex/latex/eps
topdf-pkg/epstopdf-base.sty
Package: epstopdf-base 2020-01-24 v2.11 Base part for package epstopdf
Package epstopdf-base Info: Redefining graphics rule for `.eps' on input line 4
85.

(d:/CommonSoftwares/ProductiveCodingTools/texlive/2023/texmf-dist/tex/latex/lat
exconfig/epstopdf-sys.cfg
File: epstopdf-sys.cfg 2010/07/13 v1.3 Configuration of (r)epstopdf for TeX Liv
e
))
LaTeX Font Info:    Trying to load font information for U+msa on input line 84.


(d:/CommonSoftwares/ProductiveCodingTools/texlive/2023/texmf-dist/tex/latex/ams
fonts/umsa.fd
File: umsa.fd 2013/01/14 v3.01 AMS symbols A
)
LaTeX Font Info:    Trying to load font information for U+msb on input line 84.


(d:/CommonSoftwares/ProductiveCodingTools/texlive/2023/texmf-dist/tex/latex/ams
fonts/umsb.fd
File: umsb.fd 2013/01/14 v3.01 AMS symbols B
) [1{d:/CommonSoftwares/ProductiveCodingTools/texlive/2023/texmf-var/fonts/map/
pdftex/updmap/pdftex.map}{d:/CommonSoftwares/ProductiveCodingTools/texlive/2023
/texmf-dist/fonts/enc/dvips/base/8r.enc}


]

pdfTeX warning: pdflatex.exe (file ./fig1.pdf): PDF inclusion: found PDF versio
n <1.7>, but at most version <1.5> allowed
<fig1.pdf, id=11, 286.61807pt x 302.79524pt>
File: fig1.pdf Graphic file (type pdf)
<use fig1.pdf>
Package pdftex.def Info: fig1.pdf  used on input line 112.
(pdftex.def)             Requested size: 252.0pt x 266.22961pt.

Overfull \hbox (1.55501pt too wide) in paragraph at lines 117--118
[] \OML/cmm/m/it/10 ; []$ \OT1/ptm/m/n/10 and
 []


Overfull \hbox (1.34027pt too wide) detected at line 124
[]
 []


Overfull \hbox (0.9104pt too wide) detected at line 152
[]
 []

<fig2.pdf, id=12, 315.90422pt x 110.42255pt>
File: fig2.pdf Graphic file (type pdf)
<use fig2.pdf>
Package pdftex.def Info: fig2.pdf  used on input line 159.
(pdftex.def)             Requested size: 252.00548pt x 90.33644pt.
[2 <./fig1.pdf>]
Overfull \hbox (1.777pt too wide) in paragraph at lines 220--223
[]\OT1/ptm/m/n/10 Let $\OML/cmm/m/it/10 ^^S\OT1/cmr/m/n/10 (\OML/cmm/m/it/10 n\
OT1/cmr/m/n/10 )  =  \U/msb/m/n/10 P [] \OML/cmm/m/it/10 ; ^^S\OT1/cmr/m/n/10 (
\OML/cmm/m/it/10 n\OT1/cmr/m/n/10 ) = ([]\OML/cmm/m/it/10 =[]\OT1/cmr/m/n/10 ) 
 \OMS/cmsy/m/n/10 ^^A
 []

[3 <./fig2.pdf>]
Overfull \hbox (2.0854pt too wide) in paragraph at lines 252--277
[][] 
 []

<fig3.pdf, id=255, 477.95262pt x 306.2391pt>
File: fig3.pdf Graphic file (type pdf)
<use fig3.pdf>
Package pdftex.def Info: fig3.pdf  used on input line 282.
(pdftex.def)             Requested size: 252.94902pt x 148.15195pt.

Overfull \hbox (0.94902pt too wide) in paragraph at lines 282--283
 [][] 
 []

[4 <./fig3.pdf>]
Overfull \hbox (6.74843pt too wide) detected at line 325
[]
 []


Overfull \hbox (3.7002pt too wide) in paragraph at lines 359--360
[]\OT1/ptm/m/n/10 Let $[]\OT1/cmr/m/n/10 (\OML/cmm/m/it/10 }; []\OT1/cmr/m/n/10
 )  =  [] []$
 []


Overfull \hbox (4.38206pt too wide) in paragraph at lines 359--360
[]$ \OT1/ptm/m/n/10 de-scribe the ap-prox-i-mated fit-ting func-tion of $[]\OT1
/cmr/m/n/10 (\OML/cmm/m/it/10 }; []\OT1/cmr/m/n/10 )$
 []


Underfull \hbox (badness 2221) in paragraph at lines 359--360
\OT1/ptm/m/n/10 can be ac-cessed by ob-serv-ing the max-i-mum value of
 []


Overfull \hbox (8.8556pt too wide) detected at line 363
[]
 []

LaTeX Font Info:    Trying to load font information for OT1+pcr on input line 3
65.

(d:/CommonSoftwares/ProductiveCodingTools/texlive/2023/texmf-dist/tex/latex/psn
fss/ot1pcr.fd
File: ot1pcr.fd 2001/06/04 font definitions for OT1/pcr.
) [5] [6]

pdfTeX warning: pdflatex.exe (file ./fig5_new_SFRcurves.pdf): PDF inclusion: fo
und PDF version <1.7>, but at most version <1.5> allowed
<fig5_new_SFRcurves.pdf, id=367, 494.19028pt x 287.01126pt>
File: fig5_new_SFRcurves.pdf Graphic file (type pdf)
<use fig5_new_SFRcurves.pdf>
Package pdftex.def Info: fig5_new_SFRcurves.pdf  used on input line 442.
(pdftex.def)             Requested size: 252.0pt x 146.3519pt.


pdfTeX warning: pdflatex.exe (file ./fig6_SFRPDFinformations.pdf): PDF inclusio
n: found PDF version <1.7>, but at most version <1.5> allowed
<fig6_SFRPDFinformations.pdf, id=368, 492.12657pt x 297.25755pt>
File: fig6_SFRPDFinformations.pdf Graphic file (type pdf)
<use fig6_SFRPDFinformations.pdf>
Package pdftex.def Info: fig6_SFRPDFinformations.pdf  used on input line 449.
(pdftex.def)             Requested size: 252.0pt x 152.21165pt.
<fig7_surface.pdf, id=369, 501.875pt x 281.05pt>
File: fig7_surface.pdf Graphic file (type pdf)
<use fig7_surface.pdf>
Package pdftex.def Info: fig7_surface.pdf  used on input line 456.
(pdftex.def)             Requested size: 252.0pt x 141.12074pt.


pdfTeX warning: pdflatex.exe (file ./fig8_LOADandWINDscurves.pdf): PDF inclusio
n: found PDF version <1.7>, but at most version <1.5> allowed
<fig8_LOADandWINDscurves.pdf, id=370, 501.875pt x 299.2841pt>
File: fig8_LOADandWINDscurves.pdf Graphic file (type pdf)
<use fig8_LOADandWINDscurves.pdf>
Package pdftex.def Info: fig8_LOADandWINDscurves.pdf  used on input line 463.
(pdftex.def)             Requested size: 252.0pt x 150.27644pt.


pdfTeX warning: pdflatex.exe (file ./fig9_OnlineUnitRes.pdf): PDF inclusion: fo
und PDF version <1.7>, but at most version <1.5> allowed
<fig9_OnlineUnitRes.pdf, id=371, 477.71371pt x 145.72441pt>
File: fig9_OnlineUnitRes.pdf Graphic file (type pdf)
<use fig9_OnlineUnitRes.pdf>
Package pdftex.def Info: fig9_OnlineUnitRes.pdf  used on input line 470.
(pdftex.def)             Requested size: 252.0pt x 76.87111pt.


pdfTeX warning: pdflatex.exe (file ./fig10_powerbalance2and3.pdf): PDF inclusio
n: found PDF version <1.7>, but at most version <1.5> allowed
<fig10_powerbalance2and3.pdf, id=372, 496.54108pt x 287.94073pt>
File: fig10_powerbalance2and3.pdf Graphic file (type pdf)
<use fig10_powerbalance2and3.pdf>
Package pdftex.def Info: fig10_powerbalance2and3.pdf  used on input line 477.
(pdftex.def)             Requested size: 252.0pt x 146.13165pt.


pdfTeX warning: pdflatex.exe (file ./fig11_RoCOFandnadirdistributionINFO.pdf): 
PDF inclusion: found PDF version <1.7>, but at most version <1.5> allowed
<fig11_RoCOFandnadirdistributionINFO.pdf, id=373, 495.8816pt x 287.07048pt>
File: fig11_RoCOFandnadirdistributionINFO.pdf Graphic file (type pdf)
<use fig11_RoCOFandnadirdistributionINFO.pdf>
Package pdftex.def Info: fig11_RoCOFandnadirdistributionINFO.pdf  used on input
 line 484.
(pdftex.def)             Requested size: 252.0pt x 145.88274pt.


pdfTeX warning: pdflatex.exe (file ./fig12_cost_and_wastepower.pdf): PDF inclus
ion: found PDF version <1.7>, but at most version <1.5> allowed
<fig12_cost_and_wastepower.pdf, id=374, 493.042pt x 289.28076pt>
File: fig12_cost_and_wastepower.pdf Graphic file (type pdf)
<use fig12_cost_and_wastepower.pdf>
Package pdftex.def Info: fig12_cost_and_wastepower.pdf  used on input line 491.

(pdftex.def)             Requested size: 252.0pt x 147.85786pt.


pdfTeX warning: pdflatex.exe (file ./fig13_SFRcurveandadditionaPower.pdf): PDF 
inclusion: found PDF version <1.7>, but at most version <1.5> allowed
<fig13_SFRcurveandadditionaPower.pdf, id=375, 498.91895pt x 290.26242pt>
File: fig13_SFRcurveandadditionaPower.pdf Graphic file (type pdf)
<use fig13_SFRcurveandadditionaPower.pdf>
Package pdftex.def Info: fig13_SFRcurveandadditionaPower.pdf  used on input lin
e 498.
(pdftex.def)             Requested size: 252.0pt x 146.61014pt.

Overfull \hbox (6.0pt too wide) in paragraph at lines 514--514
[]\OT1/pcr/m/n/10 \IEEEmembership{Fellow, IEEE}, Masaki Owari[] 
 []


Overfull \hbox (12.86592pt too wide) in paragraph at lines 523--525
\OT1/ptm/m/n/10 IEEE mem-ber-ship sta-tus. Please see the ``IEEE-tran[]HOWTO.pd
f''
 []

[7 <./fig5_new_SFRcurves.pdf> <./fig6_SFRPDFinformations.pdf

pdfTeX warning: pdflatex.exe (file ./fig6_SFRPDFinformations.pdf): PDF inclusio
n: multiple pdfs with page group included in a single page
> <./fig7_surface.pdf>]

LaTeX Warning: Text page 8 contains only floats.


Underfull \hbox (badness 1715) in paragraph at lines 540--541
\OT1/ptm/m/n/10 The ab-stract is the first el-e-ment of a pa-per af-ter the
 []

[8 <./fig8_LOADandWINDscurves.pdf> <./fig9_OnlineUnitRes.pdf

pdfTeX warning: pdflatex.exe (file ./fig9_OnlineUnitRes.pdf): PDF inclusion: mu
ltiple pdfs with page group included in a single page
> <./fig10_powerbalance2and3.pdf

pdfTeX warning: pdflatex.exe (file ./fig10_powerbalance2and3.pdf): PDF inclusio
n: multiple pdfs with page group included in a single page
> <./fig11_RoCOFandnadirdistributionINFO.pdf

pdfTeX warning: pdflatex.exe (file ./fig11_RoCOFandnadirdistributionINFO.pdf): 
PDF inclusion: multiple pdfs with page group included in a single page
> <./fig12_cost_and_wastepower.pdf

pdfTeX warning: pdflatex.exe (file ./fig12_cost_and_wastepower.pdf): PDF inclus
ion: multiple pdfs with page group included in a single page
> <./fig13_SFRcurveandadditionaPower.pdf

pdfTeX warning: pdflatex.exe (file ./fig13_SFRcurveandadditionaPower.pdf): PDF 
inclusion: multiple pdfs with page group included in a single page
>]
Overfull \hbox (12.0pt too wide) in paragraph at lines 561--561
[]\OT1/pcr/m/n/10 \IEEEPARstart{T}{his} is the first paragraph[] 
 []


Underfull \hbox (badness 10000) in paragraph at lines 581--582

 []


Underfull \hbox (badness 2134) in paragraph at lines 671--672
\OT1/ptm/m/n/10 In this sec-tion, we will con-sider three types of lists:
 []


Underfull \hbox (badness 10000) in paragraph at lines 671--672

 []

[9]
Underfull \hbox (badness 10000) in paragraph at lines 753--754

 []


Overfull \hbox (6.0pt too wide) in paragraph at lines 787--787
[]\OT1/pcr/m/n/10 \textit{International Journal of Modelling,[] 
 []

[10]
Overfull \hbox (6.0pt too wide) in paragraph at lines 799--799
[]\OT1/pcr/m/n/10 systems using a port-controlled Hamiltonian[] 
 []


Overfull \hbox (12.0pt too wide) in paragraph at lines 800--800
[]\OT1/pcr/m/n/10 description,'' in \textit{Proceedings of the[] 
 []

LaTeX Font Info:    Trying to load font information for TS1+ptm on input line 8
42.

(d:/CommonSoftwares/ProductiveCodingTools/texlive/2023/texmf-dist/tex/latex/psn
fss/ts1ptm.fd
File: ts1ptm.fd 2001/06/04 font definitions for TS1/ptm.
)
Overfull \hbox (13.81674pt too wide) in paragraph at lines 856--857
[]\OT1/ptm/m/n/10 Further ex-am-ples can be seen at $http : / / journals . ieee
authorcenter .
 []


Overfull \hbox (20.64684pt too wide) in paragraph at lines 856--857
\OT1/ptm/m/n/10 ieee . org / wp-[]content / uploads / sites / 7 / IEEE-[]Math-[
]Typesetting-[]Guide .
 []


Underfull \hbox (badness 10000) in paragraph at lines 880--882

 []


Underfull \hbox (badness 10000) in paragraph at lines 883--885

 []

[11] [12]
LaTeX Font Info:    Trying to load font information for OMS+pcr on input line 1
137.

(d:/CommonSoftwares/ProductiveCodingTools/texlive/2023/texmf-dist/tex/latex/psn
fss/omspcr.fd
File: omspcr.fd 
)
LaTeX Font Info:    Font shape `OMS/pcr/m/n' in size <10> not available
(Font)              Font shape `OMS/cmsy/m/n' tried instead on input line 1137.


Underfull \hbox (badness 10000) in paragraph at lines 1153--1154

 []


Underfull \hbox (badness 10000) in paragraph at lines 1158--1159

 []

[13]

Package balance Warning: You have called \balance in second column
(balance)                Columns might not be balanced.

[14] (build/New_IEEEtran_how-to.aux)
 ***********
LaTeX2e <2023-06-01> patch level 1
L3 programming layer <2023-06-16>
 ***********
 ) 
Here is how much of TeX's memory you used:
 9034 strings out of 475723
 172084 string characters out of 5766884
 1902763 words of memory out of 5000000
 29593 multiletter control sequences out of 15000+600000
 560752 words of font info for 119 fonts, out of 8000000 for 9000
 1148 hyphenation exceptions out of 8191
 79i,18n,93p,2914b,532s stack positions out of 10000i,1000n,20000p,200000b,200000s
<d:/CommonSoftwares/ProductiveCodingTools/texlive/2023/texmf-dist/fonts/type1
/public/amsfonts/cm/cmex10.pfb><d:/CommonSoftwares/ProductiveCodingTools/texliv
e/2023/texmf-dist/fonts/type1/public/amsfonts/cm/cmmi10.pfb><d:/CommonSoftwares
/ProductiveCodingTools/texlive/2023/texmf-dist/fonts/type1/public/amsfonts/cm/c
mmi5.pfb><d:/CommonSoftwares/ProductiveCodingTools/texlive/2023/texmf-dist/font
s/type1/public/amsfonts/cm/cmmi6.pfb><d:/CommonSoftwares/ProductiveCodingTools/
texlive/2023/texmf-dist/fonts/type1/public/amsfonts/cm/cmmi7.pfb><d:/CommonSoft
wares/ProductiveCodingTools/texlive/2023/texmf-dist/fonts/type1/public/amsfonts
/cm/cmmi8.pfb><d:/CommonSoftwares/ProductiveCodingTools/texlive/2023/texmf-dist
/fonts/type1/public/amsfonts/cm/cmr10.pfb><d:/CommonSoftwares/ProductiveCodingT
ools/texlive/2023/texmf-dist/fonts/type1/public/amsfonts/cm/cmr5.pfb><d:/Common
Softwares/ProductiveCodingTools/texlive/2023/texmf-dist/fonts/type1/public/amsf
onts/cm/cmr6.pfb><d:/CommonSoftwares/ProductiveCodingTools/texlive/2023/texmf-d
ist/fonts/type1/public/amsfonts/cm/cmr7.pfb><d:/CommonSoftwares/ProductiveCodin
gTools/texlive/2023/texmf-dist/fonts/type1/public/amsfonts/cm/cmr8.pfb><d:/Comm
onSoftwares/ProductiveCodingTools/texlive/2023/texmf-dist/fonts/type1/public/am
sfonts/cm/cmsy10.pfb><d:/CommonSoftwares/ProductiveCodingTools/texlive/2023/tex
mf-dist/fonts/type1/public/amsfonts/cm/cmsy6.pfb><d:/CommonSoftwares/Productive
CodingTools/texlive/2023/texmf-dist/fonts/type1/public/amsfonts/cm/cmsy7.pfb><d
:/CommonSoftwares/ProductiveCodingTools/texlive/2023/texmf-dist/fonts/type1/pub
lic/amsfonts/cm/cmsy8.pfb><d:/CommonSoftwares/ProductiveCodingTools/texlive/202
3/texmf-dist/fonts/type1/public/amsfonts/symbols/msbm10.pfb><d:/CommonSoftwares
/ProductiveCodingTools/texlive/2023/texmf-dist/fonts/type1/urw/courier/ucrr8a.p
fb><d:/CommonSoftwares/ProductiveCodingTools/texlive/2023/texmf-dist/fonts/type
1/urw/times/utmb8a.pfb><d:/CommonSoftwares/ProductiveCodingTools/texlive/2023/t
exmf-dist/fonts/type1/urw/times/utmbi8a.pfb><d:/CommonSoftwares/ProductiveCodin
gTools/texlive/2023/texmf-dist/fonts/type1/urw/times/utmr8a.pfb><d:/CommonSoftw
ares/ProductiveCodingTools/texlive/2023/texmf-dist/fonts/type1/urw/times/utmri8
a.pfb>
Output written on build/New_IEEEtran_how-to.pdf (14 pages, 6524460 bytes).
PDF statistics:
 2678 PDF objects out of 2984 (max. 8388607)
 1395 compressed objects within 14 object streams
 0 named destinations out of 1000 (max. 500000)
 61 words of extra memory for PDF output out of 10000 (max. 10000000)

