This is pdfTeX, Version 3.141592653-2.6-1.40.25 (TeX Live 2023) (preloaded format=pdflatex 2023.6.25)  29 JUL 2023 15:06
entering extended mode
 restricted \write18 enabled.
 %&-line parsing enabled.
**"D:/IEEE-Transactions Research/main 4/demo.tex"
(d:/IEEE-Transactions Research/main 4/demo.tex
LaTeX2e <2023-06-01> patch level 1
L3 programming layer <2023-06-16>

(d:/CommonSoftwares/ProductiveCodingTools/texlive/2023/texmf-dist/tex/latex/iee
etran/IEEEtran.cls
Document Class: IEEEtran 2015/08/26 V1.8b by Michael Shell
-- See the "IEEEtran_HOWTO" manual for usage information.
-- http://www.michaelshell.org/tex/ieeetran/
\@IEEEtrantmpdimenA=\dimen140
\@IEEEtrantmpdimenB=\dimen141
\@IEEEtrantmpdimenC=\dimen142
\@IEEEtrantmpcountA=\count185
\@IEEEtrantmpcountB=\count186
\@IEEEtrantmpcountC=\count187
\@IEEEtrantmptoksA=\toks17
LaTeX Font Info:    Trying to load font information for OT1+ptm on input line 5
03.

(d:/CommonSoftwares/ProductiveCodingTools/texlive/2023/texmf-dist/tex/latex/psn
fss/ot1ptm.fd
File: ot1ptm.fd 2001/06/04 font definitions for OT1/ptm.
)
-- Using 8.5in x 11in (letter) paper.
-- Using PDF output.
\@IEEEnormalsizeunitybaselineskip=\dimen143
-- This is a 10 point document.
\CLASSINFOnormalsizebaselineskip=\dimen144
\CLASSINFOnormalsizeunitybaselineskip=\dimen145
\IEEEnormaljot=\dimen146
LaTeX Font Info:    Font shape `OT1/ptm/bx/n' in size <5> not available
(Font)              Font shape `OT1/ptm/b/n' tried instead on input line 1090.
LaTeX Font Info:    Font shape `OT1/ptm/bx/it' in size <5> not available
(Font)              Font shape `OT1/ptm/b/it' tried instead on input line 1090.

LaTeX Font Info:    Font shape `OT1/ptm/bx/n' in size <7> not available
(Font)              Font shape `OT1/ptm/b/n' tried instead on input line 1090.
LaTeX Font Info:    Font shape `OT1/ptm/bx/it' in size <7> not available
(Font)              Font shape `OT1/ptm/b/it' tried instead on input line 1090.

LaTeX Font Info:    Font shape `OT1/ptm/bx/n' in size <8> not available
(Font)              Font shape `OT1/ptm/b/n' tried instead on input line 1090.
LaTeX Font Info:    Font shape `OT1/ptm/bx/it' in size <8> not available
(Font)              Font shape `OT1/ptm/b/it' tried instead on input line 1090.

LaTeX Font Info:    Font shape `OT1/ptm/bx/n' in size <9> not available
(Font)              Font shape `OT1/ptm/b/n' tried instead on input line 1090.
LaTeX Font Info:    Font shape `OT1/ptm/bx/it' in size <9> not available
(Font)              Font shape `OT1/ptm/b/it' tried instead on input line 1090.

LaTeX Font Info:    Font shape `OT1/ptm/bx/n' in size <10> not available
(Font)              Font shape `OT1/ptm/b/n' tried instead on input line 1090.
LaTeX Font Info:    Font shape `OT1/ptm/bx/it' in size <10> not available
(Font)              Font shape `OT1/ptm/b/it' tried instead on input line 1090.

LaTeX Font Info:    Font shape `OT1/ptm/bx/n' in size <11> not available
(Font)              Font shape `OT1/ptm/b/n' tried instead on input line 1090.
LaTeX Font Info:    Font shape `OT1/ptm/bx/it' in size <11> not available
(Font)              Font shape `OT1/ptm/b/it' tried instead on input line 1090.

LaTeX Font Info:    Font shape `OT1/ptm/bx/n' in size <12> not available
(Font)              Font shape `OT1/ptm/b/n' tried instead on input line 1090.
LaTeX Font Info:    Font shape `OT1/ptm/bx/it' in size <12> not available
(Font)              Font shape `OT1/ptm/b/it' tried instead on input line 1090.

LaTeX Font Info:    Font shape `OT1/ptm/bx/n' in size <17> not available
(Font)              Font shape `OT1/ptm/b/n' tried instead on input line 1090.
LaTeX Font Info:    Font shape `OT1/ptm/bx/it' in size <17> not available
(Font)              Font shape `OT1/ptm/b/it' tried instead on input line 1090.

LaTeX Font Info:    Font shape `OT1/ptm/bx/n' in size <20> not available
(Font)              Font shape `OT1/ptm/b/n' tried instead on input line 1090.
LaTeX Font Info:    Font shape `OT1/ptm/bx/it' in size <20> not available
(Font)              Font shape `OT1/ptm/b/it' tried instead on input line 1090.

LaTeX Font Info:    Font shape `OT1/ptm/bx/n' in size <24> not available
(Font)              Font shape `OT1/ptm/b/n' tried instead on input line 1090.
LaTeX Font Info:    Font shape `OT1/ptm/bx/it' in size <24> not available
(Font)              Font shape `OT1/ptm/b/it' tried instead on input line 1090.

\IEEEquantizedlength=\dimen147
\IEEEquantizedlengthdiff=\dimen148
\IEEEquantizedtextheightdiff=\dimen149
\IEEEilabelindentA=\dimen150
\IEEEilabelindentB=\dimen151
\IEEEilabelindent=\dimen152
\IEEEelabelindent=\dimen153
\IEEEdlabelindent=\dimen154
\IEEElabelindent=\dimen155
\IEEEiednormlabelsep=\dimen156
\IEEEiedmathlabelsep=\dimen157
\IEEEiedtopsep=\skip48
\c@section=\count188
\c@subsection=\count189
\c@subsubsection=\count190
\c@paragraph=\count191
\c@IEEEsubequation=\count192
\abovecaptionskip=\skip49
\belowcaptionskip=\skip50
\c@figure=\count193
\c@table=\count194
\@IEEEeqnnumcols=\count195
\@IEEEeqncolcnt=\count196
\@IEEEsubeqnnumrollback=\count197
\@IEEEquantizeheightA=\dimen158
\@IEEEquantizeheightB=\dimen159
\@IEEEquantizeheightC=\dimen160
\@IEEEquantizeprevdepth=\dimen161
\@IEEEquantizemultiple=\count198
\@IEEEquantizeboxA=\box51
\@IEEEtmpitemindent=\dimen162
\IEEEPARstartletwidth=\dimen163
\c@IEEEbiography=\count199
\@IEEEtranrubishbin=\box52
)
(d:/CommonSoftwares/ProductiveCodingTools/texlive/2023/texmf-dist/tex/latex/ams
math/amsmath.sty
Package: amsmath 2023/05/13 v2.17o AMS math features
\@mathmargin=\skip51
For additional information on amsmath, use the `?' option.

(d:/CommonSoftwares/ProductiveCodingTools/texlive/2023/texmf-dist/tex/latex/ams
math/amstext.sty
Package: amstext 2021/08/26 v2.01 AMS text

(d:/CommonSoftwares/ProductiveCodingTools/texlive/2023/texmf-dist/tex/latex/ams
math/amsgen.sty
File: amsgen.sty 1999/11/30 v2.0 generic functions
\@emptytoks=\toks18
\ex@=\dimen164
))
(d:/CommonSoftwares/ProductiveCodingTools/texlive/2023/texmf-dist/tex/latex/ams
math/amsbsy.sty
Package: amsbsy 1999/11/29 v1.2d Bold Symbols
\pmbraise@=\dimen165
)
(d:/CommonSoftwares/ProductiveCodingTools/texlive/2023/texmf-dist/tex/latex/ams
math/amsopn.sty
Package: amsopn 2022/04/08 v2.04 operator names
)
\inf@bad=\count266
LaTeX Info: Redefining \frac on input line 234.
\uproot@=\count267
\leftroot@=\count268
LaTeX Info: Redefining \overline on input line 399.
LaTeX Info: Redefining \colon on input line 410.
\classnum@=\count269
\DOTSCASE@=\count270
LaTeX Info: Redefining \ldots on input line 496.
LaTeX Info: Redefining \dots on input line 499.
LaTeX Info: Redefining \cdots on input line 620.
\Mathstrutbox@=\box53
\strutbox@=\box54
LaTeX Info: Redefining \big on input line 722.
LaTeX Info: Redefining \Big on input line 723.
LaTeX Info: Redefining \bigg on input line 724.
LaTeX Info: Redefining \Bigg on input line 725.
\big@size=\dimen166
LaTeX Font Info:    Redeclaring font encoding OML on input line 743.
LaTeX Font Info:    Redeclaring font encoding OMS on input line 744.
\macc@depth=\count271
LaTeX Info: Redefining \bmod on input line 905.
LaTeX Info: Redefining \pmod on input line 910.
LaTeX Info: Redefining \smash on input line 940.
LaTeX Info: Redefining \relbar on input line 970.
LaTeX Info: Redefining \Relbar on input line 971.
\c@MaxMatrixCols=\count272
\dotsspace@=\muskip16
\c@parentequation=\count273
\dspbrk@lvl=\count274
\tag@help=\toks19
\row@=\count275
\column@=\count276
\maxfields@=\count277
\andhelp@=\toks20
\eqnshift@=\dimen167
\alignsep@=\dimen168
\tagshift@=\dimen169
\tagwidth@=\dimen170
\totwidth@=\dimen171
\lineht@=\dimen172
\@envbody=\toks21
\multlinegap=\skip52
\multlinetaggap=\skip53
\mathdisplay@stack=\toks22
LaTeX Info: Redefining \[ on input line 2953.
LaTeX Info: Redefining \] on input line 2954.
)
(d:/CommonSoftwares/ProductiveCodingTools/texlive/2023/texmf-dist/tex/latex/ams
fonts/amsfonts.sty
Package: amsfonts 2013/01/14 v3.01 Basic AMSFonts support
\symAMSa=\mathgroup4
\symAMSb=\mathgroup5
LaTeX Font Info:    Redeclaring math symbol \hbar on input line 98.
LaTeX Font Info:    Overwriting math alphabet `\mathfrak' in version `bold'
(Font)                  U/euf/m/n --> U/euf/b/n on input line 106.
)
(d:/CommonSoftwares/ProductiveCodingTools/texlive/2023/texmf-dist/tex/latex/alg
orithms/algorithmic.sty
Package: algorithmic 2009/08/24 v0.1 Document Style `algorithmic'

(d:/CommonSoftwares/ProductiveCodingTools/texlive/2023/texmf-dist/tex/latex/bas
e/ifthen.sty
Package: ifthen 2022/04/13 v1.1d Standard LaTeX ifthen package (DPC)
)
(d:/CommonSoftwares/ProductiveCodingTools/texlive/2023/texmf-dist/tex/latex/gra
phics/keyval.sty
Package: keyval 2022/05/29 v1.15 key=value parser (DPC)
\KV@toks@=\toks23
)
\c@ALC@unique=\count278
\c@ALC@line=\count279
\c@ALC@rem=\count280
\c@ALC@depth=\count281
\ALC@tlm=\skip54
\algorithmicindent=\skip55
)
(d:/CommonSoftwares/ProductiveCodingTools/texlive/2023/texmf-dist/tex/latex/alg
orithms/algorithm.sty
Package: algorithm 2009/08/24 v0.1 Document Style `algorithm' - floating enviro
nment

(d:/CommonSoftwares/ProductiveCodingTools/texlive/2023/texmf-dist/tex/latex/flo
at/float.sty
Package: float 2001/11/08 v1.3d Float enhancements (AL)
\c@float@type=\count282
\float@exts=\toks24
\float@box=\box55
\@float@everytoks=\toks25
\@floatcapt=\box56
)
\@float@every@algorithm=\toks26
\c@algorithm=\count283
)
(d:/CommonSoftwares/ProductiveCodingTools/texlive/2023/texmf-dist/tex/latex/too
ls/array.sty
Package: array 2022/09/04 v2.5g Tabular extension package (FMi)
\col@sep=\dimen173
\ar@mcellbox=\box57
\extrarowheight=\dimen174
\NC@list=\toks27
\extratabsurround=\skip56
\backup@length=\skip57
\ar@cellbox=\box58
)
(d:/CommonSoftwares/ProductiveCodingTools/texlive/2023/texmf-dist/tex/latex/sub
fig/subfig.sty
Package: subfig 2005/06/28 ver: 1.3 subfig package

(d:/CommonSoftwares/ProductiveCodingTools/texlive/2023/texmf-dist/tex/latex/cap
tion/caption3.sty
Package: caption3 2023/03/12 v2.4 caption3 kernel (AR)
\caption@tempdima=\dimen175
\captionmargin=\dimen176
\caption@leftmargin=\dimen177
\caption@rightmargin=\dimen178
\caption@width=\dimen179
\caption@indent=\dimen180
\caption@parindent=\dimen181
\caption@hangindent=\dimen182
Package caption Info: Unknown document class (or package),
(caption)             standard defaults will be used.
Package caption Info: \@makecaption = \long macro:#1#2->\ifx \@captype \@IEEEta
blestring \footnotesize \bgroup \par \centering \@IEEEtabletopskipstrut {\norma
lfont \footnotesize #1}\\{\normalfont \footnotesize \scshape #2}\par \addvspace
 {0.5\baselineskip }\egroup \@IEEEtablecaptionsepspace \else \@IEEEfigurecaptio
nsepspace \setbox \@tempboxa \hbox {\normalfont \footnotesize {#1.}\nobreakspac
e \nobreakspace #2}\ifdim \wd \@tempboxa >\hsize \setbox \@tempboxa \hbox {\nor
malfont \footnotesize {#1.}\nobreakspace \nobreakspace }\parbox [t]{\hsize }{\n
ormalfont \footnotesize \noindent \unhbox \@tempboxa #2}\else \ifCLASSOPTIONcon
ference \hbox to\hsize {\normalfont \footnotesize \hfil \box \@tempboxa \hfil }
\else \hbox to\hsize {\normalfont \footnotesize \box \@tempboxa \hfil }\fi \fi 
\fi  on input line 1176.
)
\c@KVtest=\count284
\sf@farskip=\skip58
\sf@captopadj=\dimen183
\sf@capskip=\skip59
\sf@nearskip=\skip60
\c@subfigure=\count285
\c@subfigure@save=\count286
\c@lofdepth=\count287
\c@subtable=\count288
\c@subtable@save=\count289
\c@lotdepth=\count290
\sf@top=\skip61
\sf@bottom=\skip62
)
(d:/CommonSoftwares/ProductiveCodingTools/texlive/2023/texmf-dist/tex/latex/bas
e/textcomp.sty
Package: textcomp 2020/02/02 v2.0n Standard LaTeX package
)
(d:/CommonSoftwares/ProductiveCodingTools/texlive/2023/texmf-dist/tex/latex/stt
ools/stfloats.sty
Package: stfloats 2017/03/27 v3.3 Improve float mechanism and baselineskip sett
ings
\@dblbotnum=\count291
\c@dblbotnumber=\count292
)
(d:/CommonSoftwares/ProductiveCodingTools/texlive/2023/texmf-dist/tex/latex/url
/url.sty
\Urlmuskip=\muskip17
Package: url 2013/09/16  ver 3.4  Verb mode for urls, etc.
)
(d:/CommonSoftwares/ProductiveCodingTools/texlive/2023/texmf-dist/tex/latex/too
ls/verbatim.sty
Package: verbatim 2022-07-02 v1.5u LaTeX2e package for verbatim enhancements
\every@verbatim=\toks28
\verbatim@line=\toks29
\verbatim@in@stream=\read2
)
(d:/CommonSoftwares/ProductiveCodingTools/texlive/2023/texmf-dist/tex/latex/gra
phics/graphicx.sty
Package: graphicx 2021/09/16 v1.2d Enhanced LaTeX Graphics (DPC,SPQR)

(d:/CommonSoftwares/ProductiveCodingTools/texlive/2023/texmf-dist/tex/latex/gra
phics/graphics.sty
Package: graphics 2022/03/10 v1.4e Standard LaTeX Graphics (DPC,SPQR)

(d:/CommonSoftwares/ProductiveCodingTools/texlive/2023/texmf-dist/tex/latex/gra
phics/trig.sty
Package: trig 2021/08/11 v1.11 sin cos tan (DPC)
)
(d:/CommonSoftwares/ProductiveCodingTools/texlive/2023/texmf-dist/tex/latex/gra
phics-cfg/graphics.cfg
File: graphics.cfg 2016/06/04 v1.11 sample graphics configuration
)
Package graphics Info: Driver file: pdftex.def on input line 107.

(d:/CommonSoftwares/ProductiveCodingTools/texlive/2023/texmf-dist/tex/latex/gra
phics-def/pdftex.def
File: pdftex.def 2022/09/22 v1.2b Graphics/color driver for pdftex
))
\Gin@req@height=\dimen184
\Gin@req@width=\dimen185
)
(d:/CommonSoftwares/ProductiveCodingTools/texlive/2023/texmf-dist/tex/latex/cit
e/cite.sty
LaTeX Info: Redefining \cite on input line 302.
LaTeX Info: Redefining \nocite on input line 332.
Package: cite 2015/02/27  v 5.5
)
(d:/CommonSoftwares/ProductiveCodingTools/texlive/2023/texmf-dist/tex/latex/pre
print/balance.sty
Package: balance 1999/02/23 4.3 (PWD)
\oldvsize=\dimen186
)
(d:/CommonSoftwares/ProductiveCodingTools/texlive/2023/texmf-dist/tex/latex/lip
sum/lipsum.sty
(d:/CommonSoftwares/ProductiveCodingTools/texlive/2023/texmf-dist/tex/latex/l3p
ackages/l3keys2e/l3keys2e.sty
(d:/CommonSoftwares/ProductiveCodingTools/texlive/2023/texmf-dist/tex/latex/l3k
ernel/expl3.sty
Package: expl3 2023-06-16 L3 programming layer (loader) 

(d:/CommonSoftwares/ProductiveCodingTools/texlive/2023/texmf-dist/tex/latex/l3b
ackend/l3backend-pdftex.def
File: l3backend-pdftex.def 2023-04-19 L3 backend support: PDF output (pdfTeX)
\l__color_backend_stack_int=\count293
\l__pdf_internal_box=\box59
))
Package: l3keys2e 2023-02-02 LaTeX2e option processing using LaTeX3 keys
)
Package: lipsum 2021-09-20 v2.7 150 paragraphs of Lorem Ipsum dummy text
\g__lipsum_par_int=\count294
\l__lipsum_a_int=\count295
\l__lipsum_b_int=\count296

(d:/CommonSoftwares/ProductiveCodingTools/texlive/2023/texmf-dist/tex/latex/lip
sum/lipsum.ltd.tex))
(d:/CommonSoftwares/ProductiveCodingTools/texlive/2023/texmf-dist/tex/latex/stt
ools/cuted.sty
Package: cuted 2021/10/04 v2.0 Mixing onecolumn and twocolumn modes
\At@ViperColsBreak=\toks30
\preCutedStrip=\toks31
\postCutedStrip=\toks32
\cuted@@tempbox@a=\box60
\cuted@@tempbox@c=\box61
\cuted@@tempbox@var=\box62
\hold@viper=\box63
\@viper=\box64
\cuted@@varbox@a=\box65
\cuted@@varbox@c=\box66
\cuted@@tempdim@spread=\dimen187
\cuted@@tempdim@a=\dimen188
\cuted@@tempdim@b=\dimen189
\ht@hold@viper=\dimen190
\ht@viper=\dimen191
\var@@pagediscards@ht=\dimen192
\stripsep=\skip63
\viper@penalty=\count297
)
(d:/CommonSoftwares/ProductiveCodingTools/texlive/2023/texmf-dist/tex/latex/uni
ts/units.sty
Package: units 1998/08/04 v0.9b Typesetting units

(d:/CommonSoftwares/ProductiveCodingTools/texlive/2023/texmf-dist/tex/latex/uni
ts/nicefrac.sty
Package: nicefrac 1998/08/04 v0.9b Nice fractions
\L@UnitsRaiseDisplaystyle=\skip64
\L@UnitsRaiseTextstyle=\skip65
\L@UnitsRaiseScriptstyle=\skip66
))
(d:/CommonSoftwares/ProductiveCodingTools/texlive/2023/texmf-dist/tex/latex/l3p
ackages/xfrac/xfrac.sty
(d:/CommonSoftwares/ProductiveCodingTools/texlive/2023/texmf-dist/tex/latex/l3p
ackages/xparse/xparse.sty
Package: xparse 2023-02-02 L3 Experimental document command parser
)
(d:/CommonSoftwares/ProductiveCodingTools/texlive/2023/texmf-dist/tex/latex/l3p
ackages/xtemplate/xtemplate.sty
Package: xtemplate 2023-02-02 L3 Experimental prototype document functions
\l__xtemplate_tmp_dim=\dimen193
\l__xtemplate_tmp_int=\count298
\l__xtemplate_tmp_muskip=\muskip18
\l__xtemplate_tmp_skip=\skip67
)
Package: xfrac 2023-02-02 L3 Experimental split-level fractions
\l__xfrac_slash_box=\box67
\l__xfrac_tmp_box=\box68
\l__xfrac_denominator_bot_sep_dim=\dimen194
\l__xfrac_numerator_bot_sep_dim=\dimen195
\l__xfrac_numerator_top_sep_dim=\dimen196
\l__xfrac_slash_left_sep_dim=\dimen197
\l__xfrac_slash_right_sep_dim=\dimen198
\l__xfrac_slash_left_muskip=\muskip19
\l__xfrac_slash_right_muskip=\muskip20

Package xtemplate Info: Declaring object type 'xfrac' taking 3 argument(s) on
(xtemplate)             line 80.

)
(d:/CommonSoftwares/ProductiveCodingTools/texlive/2023/texmf-dist/tex/generic/b
abel/babel.sty
Package: babel 2023/05/11 v3.89 The Babel package
\babel@savecnt=\count299
\U@D=\dimen199
\l@unhyphenated=\language87

(d:/CommonSoftwares/ProductiveCodingTools/texlive/2023/texmf-dist/tex/generic/b
abel/txtbabel.def)
\bbl@readstream=\read3
\bbl@dirlevel=\count300

(d:/CommonSoftwares/ProductiveCodingTools/texlive/2023/texmf-dist/tex/generic/b
abel-german/ngerman.ldf
Language: ngerman 2021/02/27 v2.13 German support for babel (post-1996 orthogra
phy)

(d:/CommonSoftwares/ProductiveCodingTools/texlive/2023/texmf-dist/tex/generic/b
abel-german/ngermanb.ldf
Language: ngermanb 2021/02/27 v2.13 German support for babel (post-1996 orthogr
aphy)
Package babel Info: Making " an active character on input line 122.
))
(d:/CommonSoftwares/ProductiveCodingTools/texlive/2023/texmf-dist/tex/generic/b
abel-english/english.ldf
Language: english 2017/06/06 v3.3r English support from the babel system
Package babel Info: Hyphen rules for 'canadian' set to \l@english
(babel)             (\language0). Reported on input line 102.
Package babel Info: Hyphen rules for 'australian' set to \l@ukenglish
(babel)             (\language21). Reported on input line 105.
Package babel Info: Hyphen rules for 'newzealand' set to \l@ukenglish
(babel)             (\language21). Reported on input line 108.
))
(d:/CommonSoftwares/ProductiveCodingTools/texlive/2023/texmf-dist/tex/generic/b
abel/locale/en/babel-english.tex
Package babel Info: Importing font and identification data for english
(babel)             from babel-en.ini. Reported on input line 11.
)
(d:/CommonSoftwares/ProductiveCodingTools/texlive/2023/texmf-dist/tex/generic/b
abel/locale/de/babel-ngerman.tex
Package babel Info: Importing font and identification data for ngerman
(babel)             from babel-de.ini. Reported on input line 11.
)

LaTeX Warning: Unused global option(s):
    [lettersize].

(./demo.aux

LaTeX Warning: Label `fig1' multiply defined.

)
\openout1 = `demo.aux'.

LaTeX Font Info:    Checking defaults for OML/cmm/m/it on input line 34.
LaTeX Font Info:    ... okay on input line 34.
LaTeX Font Info:    Checking defaults for OMS/cmsy/m/n on input line 34.
LaTeX Font Info:    ... okay on input line 34.
LaTeX Font Info:    Checking defaults for OT1/cmr/m/n on input line 34.
LaTeX Font Info:    ... okay on input line 34.
LaTeX Font Info:    Checking defaults for T1/cmr/m/n on input line 34.
LaTeX Font Info:    ... okay on input line 34.
LaTeX Font Info:    Checking defaults for TS1/cmr/m/n on input line 34.
LaTeX Font Info:    ... okay on input line 34.
LaTeX Font Info:    Checking defaults for OMX/cmex/m/n on input line 34.
LaTeX Font Info:    ... okay on input line 34.
LaTeX Font Info:    Checking defaults for U/cmr/m/n on input line 34.
LaTeX Font Info:    ... okay on input line 34.
-- Lines per column: 58 (exact).
Package caption Info: Begin \AtBeginDocument code.
Package caption Info: subfig package v1.3 is loaded.
Package caption Info: End \AtBeginDocument code.

(d:/CommonSoftwares/ProductiveCodingTools/texlive/2023/texmf-dist/tex/context/b
ase/mkii/supp-pdf.mkii
[Loading MPS to PDF converter (version 2006.09.02).]
\scratchcounter=\count301
\scratchdimen=\dimen256
\scratchbox=\box69
\nofMPsegments=\count302
\nofMParguments=\count303
\everyMPshowfont=\toks33
\MPscratchCnt=\count304
\MPscratchDim=\dimen257
\MPnumerator=\count305
\makeMPintoPDFobject=\count306
\everyMPtoPDFconversion=\toks34
)
(d:/CommonSoftwares/ProductiveCodingTools/texlive/2023/texmf-dist/tex/latex/eps
topdf-pkg/epstopdf-base.sty
Package: epstopdf-base 2020-01-24 v2.11 Base part for package epstopdf

(d:/CommonSoftwares/ProductiveCodingTools/texlive/2023/texmf-dist/tex/generic/i
nfwarerr/infwarerr.sty
Package: infwarerr 2019/12/03 v1.5 Providing info/warning/error messages (HO)
)
(d:/CommonSoftwares/ProductiveCodingTools/texlive/2023/texmf-dist/tex/latex/grf
ext/grfext.sty
Package: grfext 2019/12/03 v1.3 Manage graphics extensions (HO)

(d:/CommonSoftwares/ProductiveCodingTools/texlive/2023/texmf-dist/tex/generic/k
vdefinekeys/kvdefinekeys.sty
Package: kvdefinekeys 2019-12-19 v1.6 Define keys (HO)
))
(d:/CommonSoftwares/ProductiveCodingTools/texlive/2023/texmf-dist/tex/latex/kvo
ptions/kvoptions.sty
Package: kvoptions 2022-06-15 v3.15 Key value format for package options (HO)

(d:/CommonSoftwares/ProductiveCodingTools/texlive/2023/texmf-dist/tex/generic/l
txcmds/ltxcmds.sty
Package: ltxcmds 2020-05-10 v1.25 LaTeX kernel commands for general use (HO)
)
(d:/CommonSoftwares/ProductiveCodingTools/texlive/2023/texmf-dist/tex/latex/kvs
etkeys/kvsetkeys.sty
Package: kvsetkeys 2022-10-05 v1.19 Key value parser (HO)
))
(d:/CommonSoftwares/ProductiveCodingTools/texlive/2023/texmf-dist/tex/generic/p
dftexcmds/pdftexcmds.sty
Package: pdftexcmds 2020-06-27 v0.33 Utility functions of pdfTeX for LuaTeX (HO
)

(d:/CommonSoftwares/ProductiveCodingTools/texlive/2023/texmf-dist/tex/generic/i
ftex/iftex.sty
Package: iftex 2022/02/03 v1.0f TeX engine tests
)
Package pdftexcmds Info: \pdf@primitive is available.
Package pdftexcmds Info: \pdf@ifprimitive is available.
Package pdftexcmds Info: \pdfdraftmode found.
)
Package epstopdf-base Info: Redefining graphics rule for `.eps' on input line 4
85.
Package grfext Info: Graphics extension search list:
(grfext)             [.pdf,.png,.jpg,.mps,.jpeg,.jbig2,.jb2,.PDF,.PNG,.JPG,.JPE
G,.JBIG2,.JB2,.eps]
(grfext)             \AppendGraphicsExtensions on input line 504.

(d:/CommonSoftwares/ProductiveCodingTools/texlive/2023/texmf-dist/tex/latex/lat
exconfig/epstopdf-sys.cfg
File: epstopdf-sys.cfg 2010/07/13 v1.3 Configuration of (r)epstopdf for TeX Liv
e
))
LaTeX Font Info:    Trying to load font information for U+msa on input line 42.


(d:/CommonSoftwares/ProductiveCodingTools/texlive/2023/texmf-dist/tex/latex/ams
fonts/umsa.fd
File: umsa.fd 2013/01/14 v3.01 AMS symbols A
)
LaTeX Font Info:    Trying to load font information for U+msb on input line 42.


(d:/CommonSoftwares/ProductiveCodingTools/texlive/2023/texmf-dist/tex/latex/ams
fonts/umsb.fd
File: umsb.fd 2013/01/14 v3.01 AMS symbols B
) [1{d:/CommonSoftwares/ProductiveCodingTools/texlive/2023/texmf-var/fonts/map/
pdftex/updmap/pdftex.map}{d:/CommonSoftwares/ProductiveCodingTools/texlive/2023
/texmf-dist/fonts/enc/dvips/base/8r.enc}


]

pdfTeX warning: pdflatex.exe (file ./fig1.pdf): PDF inclusion: found PDF versio
n <1.7>, but at most version <1.5> allowed
<fig1.pdf, id=11, 286.61807pt x 302.79524pt>
File: fig1.pdf Graphic file (type pdf)
<use fig1.pdf>
Package pdftex.def Info: fig1.pdf  used on input line 74.
(pdftex.def)             Requested size: 252.94499pt x 267.22758pt.

Overfull \hbox (0.94499pt too wide) in paragraph at lines 74--75
 [][] 
 []


Overfull \hbox (1.55501pt too wide) in paragraph at lines 79--80
[] \OML/cmm/m/it/10 ; []$ \OT1/ptm/m/n/10 and
 []


Underfull \hbox (badness 2376) in paragraph at lines 79--80
\OT1/ptm/m/n/10 duced by $[]$ con-ven-tional unit block, $[]$ converter-
 []


Overfull \hbox (1.34027pt too wide) detected at line 87
[]
 []


Underfull \vbox (badness 10000) has occurred while \output is active []

[2 <./fig1.pdf>]
Underfull \hbox (badness 4193) in paragraph at lines 123--124
[]\OT1/ptm/m/n/10 Let $\U/msb/m/n/10 P []$ \OT1/ptm/m/n/10 rep-re-sents the pos
-te-rior
 []

CUTED [- LAST -]
Extra skip:4.4727pt
Left:244.80779pt/2.16492pt
Right:240.0pt/2.5pt
Split: 243.65388pt
Output:243.65388pt
Pageshrink: 0.0pt
Pagestretch: 0.0pt
@colht:696.0pt
CUTED [output]: 243.65388pt
CUTED [leftcolumn badness]: 2
CUTED [rightcolumn badness]: 6675

Overfull \hbox (96.87419pt too wide) in paragraph at lines 134--135
\OT1/ptm/m/n/10 be in-di-rectly achieved by es-ti-mat-ing its prior form $\U/ms
b/m/n/10 P []$
 []


Overfull \hbox (36.74026pt too wide) detected at line 143
[][]
 []


Underfull \hbox (badness 1859) in paragraph at lines 147--148
\OT1/ptm/m/n/10 sta-tis-ti-cal ex-pec-ta-tion of many sam-pled data (or called
 []

[3]
Underfull \hbox (badness 2460) in paragraph at lines 162--163
\OT1/ptm/m/n/10 and $\U/msb/m/n/10 P []$ $[]$ \OT1/ptm/m/n/10 since their ex-
 []

LaTeX Font Info:    Trying to load font information for OT1+pcr on input line 1
84.

(d:/CommonSoftwares/ProductiveCodingTools/texlive/2023/texmf-dist/tex/latex/psn
fss/ot1pcr.fd
File: ot1pcr.fd 2001/06/04 font definitions for OT1/pcr.
)
Underfull \hbox (badness 10000) in paragraph at lines 184--185

 []


Underfull \hbox (badness 10000) in paragraph at lines 186--187

 []


Overfull \hbox (31.00002pt too wide) in paragraph at lines 188--189
[]$\OMS/cmsy/m/n/10 n$\OT1/pcr/m/n/10 documentclass[10pt,journal,compsoc]IEEEtr
an 
 []


Underfull \hbox (badness 10000) in paragraph at lines 188--189

 []


Overfull \hbox (19.00002pt too wide) in paragraph at lines 190--191
[]$\OMS/cmsy/m/n/10 n$\OT1/pcr/m/n/10 documentclass[conference,compsoc]IEEEtran
 
 []


Underfull \hbox (badness 10000) in paragraph at lines 190--191

 []


Underfull \hbox (badness 10000) in paragraph at lines 192--193

 []


Overfull \hbox (6.0pt too wide) in paragraph at lines 214--214
[]\OT1/pcr/m/n/10 \IEEEmembership{Fellow, IEEE}, Masaki Owari[] 
 []


Overfull \hbox (12.86592pt too wide) in paragraph at lines 223--225
\OT1/ptm/m/n/10 IEEE mem-ber-ship sta-tus. Please see the ``IEEE-tran[]HOWTO.pd
f''
 []

[4]
Underfull \hbox (badness 1715) in paragraph at lines 240--241
\OT1/ptm/m/n/10 The ab-stract is the first el-e-ment of a pa-per af-ter the
 []


Overfull \hbox (12.0pt too wide) in paragraph at lines 261--261
[]\OT1/pcr/m/n/10 \IEEEPARstart{T}{his} is the first paragraph[] 
 []


Underfull \hbox (badness 10000) in paragraph at lines 281--282

 []

File: fig1.pdf Graphic file (type pdf)
<use fig1.pdf>
Package pdftex.def Info: fig1.pdf  used on input line 316.
(pdftex.def)             Requested size: 180.67499pt x 190.8775pt.
[5]
Underfull \hbox (badness 10000) in paragraph at lines 377--378

 []


Underfull \hbox (badness 10000) in paragraph at lines 459--460

 []

[6]
Overfull \hbox (6.0pt too wide) in paragraph at lines 493--493
[]\OT1/pcr/m/n/10 \textit{International Journal of Modelling,[] 
 []


Overfull \hbox (6.0pt too wide) in paragraph at lines 505--505
[]\OT1/pcr/m/n/10 systems using a port-controlled Hamiltonian[] 
 []


Overfull \hbox (12.0pt too wide) in paragraph at lines 506--506
[]\OT1/pcr/m/n/10 description,'' in \textit{Proceedings of the[] 
 []

LaTeX Font Info:    Trying to load font information for TS1+ptm on input line 5
48.

(d:/CommonSoftwares/ProductiveCodingTools/texlive/2023/texmf-dist/tex/latex/psn
fss/ts1ptm.fd
File: ts1ptm.fd 2001/06/04 font definitions for TS1/ptm.
)
Overfull \hbox (13.81674pt too wide) in paragraph at lines 562--563
[]\OT1/ptm/m/n/10 Further ex-am-ples can be seen at $http : / / journals . ieee
authorcenter .
 []


Overfull \hbox (20.64684pt too wide) in paragraph at lines 562--563
\OT1/ptm/m/n/10 ieee . org / wp-[]content / uploads / sites / 7 / IEEE-[]Math-[
]Typesetting-[]Guide .
 []

[7]
Underfull \hbox (badness 10000) in paragraph at lines 586--588

 []


Underfull \hbox (badness 10000) in paragraph at lines 589--591

 []

[8] [9]
LaTeX Font Info:    Trying to load font information for OMS+pcr on input line 8
43.

(d:/CommonSoftwares/ProductiveCodingTools/texlive/2023/texmf-dist/tex/latex/psn
fss/omspcr.fd
File: omspcr.fd 
)
LaTeX Font Info:    Font shape `OMS/pcr/m/n' in size <10> not available
(Font)              Font shape `OMS/cmsy/m/n' tried instead on input line 843.

Underfull \hbox (badness 10000) in paragraph at lines 859--860

 []


Underfull \hbox (badness 10000) in paragraph at lines 864--865

 []


Package balance Warning: You have called \balance in second column
(balance)                Columns might not be balanced.

[10]
File: fig1.pdf Graphic file (type pdf)
<use fig1.pdf>
Package pdftex.def Info: fig1.pdf  used on input line 973.
(pdftex.def)             Requested size: 72.26662pt x 76.34546pt.
File: fig1.pdf Graphic file (type pdf)
<use fig1.pdf>
Package pdftex.def Info: fig1.pdf  used on input line 973.
(pdftex.def)             Requested size: 72.26662pt x 76.34546pt.
[11] (./demo.aux)
 ***********
LaTeX2e <2023-06-01> patch level 1
L3 programming layer <2023-06-16>
 ***********

LaTeX Font Warning: Size substitutions with differences
(Font)              up to 3.25pt have occurred.


LaTeX Warning: There were multiply-defined labels.

 ) 
Here is how much of TeX's memory you used:
 7617 strings out of 475723
 149123 string characters out of 5766884
 1884763 words of memory out of 5000000
 28196 multiletter control sequences out of 15000+600000
 569084 words of font info for 143 fonts, out of 8000000 for 9000
 1147 hyphenation exceptions out of 8191
 79i,18n,93p,1623b,532s stack positions out of 10000i,1000n,20000p,200000b,200000s
<d:/CommonSoftwares/ProductiveCodingTools/texlive/2023/texmf-dist/fonts/type1
/public/amsfonts/cm/cmex10.pfb><d:/CommonSoftwares/ProductiveCodingTools/texliv
e/2023/texmf-dist/fonts/type1/public/amsfonts/cm/cmmi10.pfb><d:/CommonSoftwares
/ProductiveCodingTools/texlive/2023/texmf-dist/fonts/type1/public/amsfonts/cm/c
mmi5.pfb><d:/CommonSoftwares/ProductiveCodingTools/texlive/2023/texmf-dist/font
s/type1/public/amsfonts/cm/cmmi6.pfb><d:/CommonSoftwares/ProductiveCodingTools/
texlive/2023/texmf-dist/fonts/type1/public/amsfonts/cm/cmmi7.pfb><d:/CommonSoft
wares/ProductiveCodingTools/texlive/2023/texmf-dist/fonts/type1/public/amsfonts
/cm/cmmi8.pfb><d:/CommonSoftwares/ProductiveCodingTools/texlive/2023/texmf-dist
/fonts/type1/public/amsfonts/cm/cmr10.pfb><d:/CommonSoftwares/ProductiveCodingT
ools/texlive/2023/texmf-dist/fonts/type1/public/amsfonts/cm/cmr5.pfb><d:/Common
Softwares/ProductiveCodingTools/texlive/2023/texmf-dist/fonts/type1/public/amsf
onts/cm/cmr6.pfb><d:/CommonSoftwares/ProductiveCodingTools/texlive/2023/texmf-d
ist/fonts/type1/public/amsfonts/cm/cmr7.pfb><d:/CommonSoftwares/ProductiveCodin
gTools/texlive/2023/texmf-dist/fonts/type1/public/amsfonts/cm/cmr8.pfb><d:/Comm
onSoftwares/ProductiveCodingTools/texlive/2023/texmf-dist/fonts/type1/public/am
sfonts/cm/cmsy10.pfb><d:/CommonSoftwares/ProductiveCodingTools/texlive/2023/tex
mf-dist/fonts/type1/public/amsfonts/cm/cmsy7.pfb><d:/CommonSoftwares/Productive
CodingTools/texlive/2023/texmf-dist/fonts/type1/public/amsfonts/cm/cmsy8.pfb><d
:/CommonSoftwares/ProductiveCodingTools/texlive/2023/texmf-dist/fonts/type1/pub
lic/amsfonts/symbols/msbm10.pfb><d:/CommonSoftwares/ProductiveCodingTools/texli
ve/2023/texmf-dist/fonts/type1/urw/courier/ucrr8a.pfb><d:/CommonSoftwares/Produ
ctiveCodingTools/texlive/2023/texmf-dist/fonts/type1/urw/times/utmb8a.pfb><d:/C
ommonSoftwares/ProductiveCodingTools/texlive/2023/texmf-dist/fonts/type1/urw/ti
mes/utmbi8a.pfb><d:/CommonSoftwares/ProductiveCodingTools/texlive/2023/texmf-di
st/fonts/type1/urw/times/utmr8a.pfb><d:/CommonSoftwares/ProductiveCodingTools/t
exlive/2023/texmf-dist/fonts/type1/urw/times/utmri8a.pfb>
Output written on demo.pdf (11 pages, 379094 bytes).
PDF statistics:
 333 PDF objects out of 1000 (max. 8388607)
 194 compressed objects within 2 object streams
 0 named destinations out of 1000 (max. 500000)
 18 words of extra memory for PDF output out of 10000 (max. 10000000)

